BL51 BANKED LINKER/LOCATER V6.22.2.0                                                    05/13/2022  15:21:06  PAGE 1


BL51 BANKED LINKER/LOCATER V6.22.2.0, INVOKED BY:
C:\KEIL_V5\C51\BIN\BL51.EXE .\Objects\STARTUP.obj, .\Objects\main.obj, .\Objects\delay.obj, .\Objects\adc_stc8.obj, .\Ob
>> jects\settings.obj, .\Objects\ssd1306.obj, .\Objects\eeprom.obj, .\Objects\chart.obj, .\Objects\global.obj TO .\Objec
>> ts\Mini_DSO PRINT (.\Listings\Mini_DSO.m51) RAMSIZE (256)


MEMORY MODEL: LARGE WITH FLOATING POINT ARITHMETIC


INPUT MODULES INCLUDED:
  .\Objects\STARTUP.obj (?C_STARTUP)
  .\Objects\main.obj (MAIN)
  .\Objects\delay.obj (DELAY)
  .\Objects\adc_stc8.obj (ADC_STC8)
  .\Objects\settings.obj (SETTINGS)
  .\Objects\ssd1306.obj (SSD1306)
  .\Objects\eeprom.obj (EEPROM)
  .\Objects\chart.obj (CHART)
  .\Objects\global.obj (GLOBAL)
  C:\KEIL_V5\C51\LIB\C51FPL.LIB (?C?FPADD)
  C:\KEIL_V5\C51\LIB\C51FPL.LIB (?C?FPDIV)
  C:\KEIL_V5\C51\LIB\C51FPL.LIB (?C?FCAST)
  C:\KEIL_V5\C51\LIB\C51FPL.LIB (?C?CASTF)
  C:\KEIL_V5\C51\LIB\C51FPL.LIB (?C?FPGETOPN)
  C:\KEIL_V5\C51\LIB\C51L.LIB (?C_INIT)
  C:\KEIL_V5\C51\LIB\C51L.LIB (?C?CLDPTR)
  C:\KEIL_V5\C51\LIB\C51L.LIB (?C?CLDOPTR)
  C:\KEIL_V5\C51\LIB\C51L.LIB (?C?CSTPTR)
  C:\KEIL_V5\C51\LIB\C51L.LIB (?C?IMUL)
  C:\KEIL_V5\C51\LIB\C51L.LIB (?C?UIDIV)
  C:\KEIL_V5\C51\LIB\C51L.LIB (?C?IILDX)
  C:\KEIL_V5\C51\LIB\C51L.LIB (?C?ILDIX)
  C:\KEIL_V5\C51\LIB\C51L.LIB (?C?ILDOPTR)
  C:\KEIL_V5\C51\LIB\C51L.LIB (?C?LMUL)
  C:\KEIL_V5\C51\LIB\C51L.LIB (?C?ULDIV)
  C:\KEIL_V5\C51\LIB\C51L.LIB (?C?SLDIV)
  C:\KEIL_V5\C51\LIB\C51L.LIB (?C?LNEG)
  C:\KEIL_V5\C51\LIB\C51L.LIB (?C?ULCMP)
  C:\KEIL_V5\C51\LIB\C51L.LIB (?C?ULSHR)
  C:\KEIL_V5\C51\LIB\C51L.LIB (?C?LSTXDATA)
  C:\KEIL_V5\C51\LIB\C51L.LIB (?C?LSTKXDATA)
  C:\KEIL_V5\C51\LIB\C51L.LIB (?C?LIMUL)
  C:\KEIL_V5\C51\LIB\C51L.LIB (ABS)
  C:\KEIL_V5\C51\LIB\C51L.LIB (?C?MEMSET)


LINK MAP OF MODULE:  .\Objects\Mini_DSO (?C_STARTUP)


            TYPE    BASE      LENGTH    RELOCATION   SEGMENT NAME
            -----------------------------------------------------

            * * * * * * *   D A T A   M E M O R Y   * * * * * * *
            REG     0000H     0008H     ABSOLUTE     "REG BANK 0"
                    0008H     0018H                  *** GAP ***
            BIT     0020H.0   0002H.1   UNIT         ?BI?GLOBAL
            BIT     0022H.1   0000H.6   UNIT         ?BI?MAIN
            BIT     0022H.7   0000H.6   UNIT         _BIT_GROUP_
BL51 BANKED LINKER/LOCATER V6.22.2.0                                                  05/13/2022  15:21:06  PAGE 2


            BIT     0023H.5   0000H.2   UNIT         ?BI?SSD1306
                    0023H.7   0000H.1                *** GAP ***
            IDATA   0024H     0001H     UNIT         ?STACK

            * * * * * * *  X D A T A   M E M O R Y  * * * * * * *
            XDATA   0000H     0403H     UNIT         ?XD?SSD1306
            XDATA   0403H     0201H     UNIT         ?XD?GLOBAL
            XDATA   0604H     01CBH     UNIT         ?XD?CHART
            XDATA   07CFH     01B8H     UNIT         ?XD?ADC_STC8
            XDATA   0987H     008AH     UNIT         _XDATA_GROUP_
            XDATA   0A11H     0009H     UNIT         ?XD?MAIN

            * * * * * * *   C O D E   M E M O R Y   * * * * * * *
            CODE    0000H     0003H     ABSOLUTE     
            CODE    0003H     0006H     UNIT         ?PR?_OLED_SETFONTWIDTH?SSD1306
                    0009H     0002H                  *** GAP ***
            CODE    000BH     0003H     ABSOLUTE     
            CODE    000EH     000DH     UNIT         ?PR?DELAY19971US?DELAY
            CODE    001BH     0003H     ABSOLUTE     
            CODE    001EH     055FH     UNIT         ?C?LIB_CODE
            CODE    057DH     0415H     UNIT         ?PR?PLOTCHART?CHART
            CODE    0992H     03B9H     UNIT         ?PR?C_WAVEFREQ_STR?CHART
            CODE    0D4BH     0367H     UNIT         ?PR?ANALYSEDATA?CHART
            CODE    10B2H     02D4H     UNIT         ?CO?SSD1306
            CODE    1386H     02C7H     UNIT         ?PR?_GETWAVELENGTH?CHART
            CODE    164DH     0270H     UNIT         ?PR?_GETWAVEADC?ADC_STC8
            CODE    18BDH     020EH     UNIT         ?PR?GETWAVEFREQ?CHART
            CODE    1ACBH     01F1H     UNIT         ?PR?_OLED_DRAWBMP?SSD1306
            CODE    1CBCH     01C6H     UNIT         ?PR?READ_OPTIONS?SETTINGS
            CODE    1E82H     0192H     UNIT         ?PR?SAVE_OPTIONS?SETTINGS
            CODE    2014H     0191H     UNIT         ?PR?PLOTSETTINGS?CHART
            CODE    21A5H     018BH     UNIT         ?PR?_OLED_DRAWLINE?SSD1306
            CODE    2330H     0176H     UNIT         ?PR?_OLED_DRAW_BYTE?SSD1306
            CODE    24A6H     0137H     UNIT         ?PR?_OLED_DRAWCHAR?SSD1306
            CODE    25DDH     0135H     UNIT         ?PR?KEYSCAN?MAIN
            CODE    2712H     011FH     UNIT         ?CO?CHART
            CODE    2831H     010DH     UNIT         ?PR?CHECK_OPTIONS?SETTINGS
            CODE    293EH     00F6H     UNIT         ?PR?CHANGE_VAL?SETTINGS
            CODE    2A34H     00EEH     UNIT         ?PR?GETRULERV?CHART
            CODE    2B22H     00E9H     UNIT         ?PR?_OLED_DRAWNUM?SSD1306
            CODE    2C0BH     00E9H     UNIT         ?PR?PLOTWAVE?CHART
            CODE    2CF4H     00D6H     UNIT         ?PR?_EEPROM_WRITE_N?EEPROM
            CODE    2DCAH     00B4H     UNIT         ?PR?_OLED_DRAWVLINE?SSD1306
            CODE    2E7EH     00ABH     UNIT         ?PR?_OLED_DRAWHLINE?SSD1306
            CODE    2F29H     00A9H     UNIT         ?PR?_REMAP?CHART
            CODE    2FD2H     009CH     UNIT         ?PR?_OLED_DRAWPIXEL?SSD1306
            CODE    306EH     009AH     UNIT         ?PR?OLED_INIT?SSD1306
            CODE    3108H     0096H     UNIT         ?PR?CHANGE_RULERVMAX?SETTINGS
            CODE    319EH     0093H     UNIT         ?PR?_C_MV_V?CHART
            CODE    3231H     0090H     UNIT         ?PR?RUNWHENADCINTERRUPT?MAIN
            CODE    32C1H     008CH     UNIT         ?C_C51STARTUP
            CODE    334DH     0089H     UNIT         ?PR?CHANGE_RULERV?SETTINGS
            CODE    33D6H     0089H     UNIT         ?PR?_OLED_DRAWSTRING?SSD1306
            CODE    345FH     0086H     UNIT         ?PR?CHANGE_TRIGGERVALUE?SETTINGS
            CODE    34E5H     007FH     UNIT         ?PR?_GETTRIGGERPOS?CHART
            CODE    3564H     0075H     UNIT         ?PR?_OLED_DRWCHS_16X16?SSD1306
            CODE    35D9H     0073H     UNIT         ?PR?_ADCINIT?ADC_STC8
BL51 BANKED LINKER/LOCATER V6.22.2.0                                                  05/13/2022  15:21:06  PAGE 3


            CODE    364CH     0066H     UNIT         ?PR?_GETVOLTAGE?ADC_STC8
            CODE    36B2H     0062H     UNIT         ?PR?RUNWHENINSETTRINGS?MAIN
            CODE    3714H     0060H     UNIT         ?PR?INIT?MAIN
            CODE    3774H     005EH     UNIT         ?PR?CHANGE_TRIPOSOFFSET?SETTINGS
            CODE    37D2H     005EH     UNIT         ?CO?GLOBAL
            CODE    3830H     005CH     UNIT         ?PR?MAIN?MAIN
            CODE    388CH     0053H     UNIT         ?PR?_SWITCH_DEALY?ADC_STC8
            CODE    38DFH     004AH     UNIT         ?PR?CHANGE_LSB?SETTINGS
            CODE    3929H     0049H     UNIT         ?PR?_OLED_POW?SSD1306
            CODE    3972H     0044H     UNIT         ?PR?OLED_DISPLAY?SSD1306
            CODE    39B6H     0044H     UNIT         ?C?LDIV
            CODE    39FAH     0042H     UNIT         ?PR?_CONVERT_MV_ADC?CHART
            CODE    3A3CH     0040H     UNIT         ?PR?_C_ADC_MV?CHART
            CODE    3A7CH     003BH     UNIT         ?PR?TIMER1_INTERRUPT?MAIN
            CODE    3AB7H     0038H     UNIT         ?C_INITSEG
            CODE    3AEFH     0036H     UNIT         ?PR?CHECK_MINTIMEINTERVAL?SETTINGS
            CODE    3B25H     0032H     UNIT         ?PR?CHANGE_TRIMODE?SETTINGS
            CODE    3B57H     0032H     UNIT         ?PR?CHANGE_OPTIONINCHART?SETTINGS
            CODE    3B89H     0032H     UNIT         ?PR?CHANGE_OPTIONINSETTINGS?SETTINGS
            CODE    3BBBH     0030H     UNIT         ?PR?_EEPROM_READ_N?EEPROM
            CODE    3BEBH     002EH     UNIT         ?PR?CHANGE_OLED_BRIGHTNESS?SETTINGS
            CODE    3C19H     002DH     UNIT         ?PR?RUNWHENADCCOMPLETE?MAIN
            CODE    3C46H     002DH     UNIT         ?PR?_OLED_WRITE_COMMAND?SSD1306
            CODE    3C73H     0028H     UNIT         ?PR?_OLED_WRITE_DATA?SSD1306
            CODE    3C9BH     0026H     UNIT         ?PR?TIMER0_INTERRUPT?MAIN
            CODE    3CC1H     0026H     UNIT         ?PR?_ADCREAD?ADC_STC8
            CODE    3CE7H     0023H     UNIT         ?PR?PLOTSAVESTATUS?CHART
            CODE    3D0AH     0020H     UNIT         ?PR?CHANGE_SCALEH?SETTINGS
            CODE    3D2AH     001CH     UNIT         ?PR?_GETADC_CHX?ADC_STC8
            CODE    3D46H     001AH     UNIT         ?PR?EEPROM_TRIG?EEPROM
            CODE    3D60H     0019H     UNIT         ?PR?_EEPROM_SAVE?EEPROM
            CODE    3D79H     0016H     UNIT         ?PR?GETWAVEDATA?CHART
            CODE    3D8FH     0013H     UNIT         ?PR?TIMER1INIT?MAIN
            CODE    3DA2H     0010H     UNIT         ?PR?_EEPROM_SECTORERASE?EEPROM
            CODE    3DB2H     000FH     UNIT         ?PR?OLED_CLEAR?SSD1306
            CODE    3DC1H     000EH     UNIT         ?PR?DELAY50MS?DELAY
            CODE    3DCFH     000EH     UNIT         ?PR?DELAY1000MS?DELAY
            CODE    3DDDH     000EH     UNIT         ?PR?DELAY7971US?DELAY
            CODE    3DEBH     000EH     UNIT         ?PR?DISABLEEEPROM?EEPROM
            CODE    3DF9H     000CH     UNIT         ?PR?_ABS?ABS
            CODE    3E05H     000BH     UNIT         ?PR?DELAY171US?DELAY
            CODE    3E10H     000AH     UNIT         ?PR?DELAY5MS?DELAY
            CODE    3E1AH     000AH     UNIT         ?PR?DELAY3971US?DELAY
            CODE    3E24H     000AH     UNIT         ?PR?DELAY51US?DELAY
            CODE    3E2EH     0009H     UNIT         ?PR?DELAY1971US?DELAY
            CODE    3E37H     0009H     UNIT         ?PR?DELAY771US?DELAY
            CODE    3E40H     0009H     UNIT         ?PR?DELAY371US?DELAY
            CODE    3E49H     0009H     UNIT         ?PR?GETBGV?ADC_STC8
            CODE    3E52H     0009H     UNIT         ?PR?_OLED_SET_POS?SSD1306
            CODE    3E5BH     0005H     UNIT         ?PR?DELAY3US?DELAY
            CODE    3E60H     0005H     UNIT         ?PR?DELAY18US?DELAY
            CODE    3E65H     0005H     UNIT         ?PR?DELAY6US?DELAY
            CODE    3E6AH     0005H     UNIT         ?PR?OLED_REVERSE?SSD1306
            CODE    3E6FH     0005H     UNIT         ?PR?OLED_OVERLAP?SSD1306
            CODE    3E74H     0003H     UNIT         ?PR?CHANGE_PLOTMODE?SETTINGS


BL51 BANKED LINKER/LOCATER V6.22.2.0                                                  05/13/2022  15:21:06  PAGE 4



OVERLAY MAP OF MODULE:   .\Objects\Mini_DSO (?C_STARTUP)


SEGMENT                                         BIT_GROUP          XDATA_GROUP
  +--> CALLED SEGMENT                        START    LENGTH     START    LENGTH
--------------------------------------------------------------------------------
?C_C51STARTUP                                -----    -----      -----    -----
  +--> ?PR?MAIN?MAIN
  +--> ?C_INITSEG

?PR?MAIN?MAIN                                -----    -----      -----    -----
  +--> ?PR?TIMER1INIT?MAIN
  +--> ?PR?READ_OPTIONS?SETTINGS
  +--> ?PR?INIT?MAIN
  +--> ?PR?OLED_INIT?SSD1306
  +--> ?PR?_OLED_SETFONTWIDTH?SSD1306
  +--> ?PR?PLOTCHART?CHART
  +--> ?PR?OLED_DISPLAY?SSD1306
  +--> ?PR?GETWAVEDATA?CHART
  +--> ?PR?RUNWHENINSETTRINGS?MAIN
  +--> ?PR?RUNWHENADCINTERRUPT?MAIN
  +--> ?PR?RUNWHENADCCOMPLETE?MAIN

?PR?READ_OPTIONS?SETTINGS                    -----    -----      0987H    0012H
  +--> ?PR?_EEPROM_READ_N?EEPROM
  +--> ?PR?CHECK_OPTIONS?SETTINGS

?PR?_EEPROM_READ_N?EEPROM                    -----    -----      0999H    0006H
  +--> ?PR?EEPROM_TRIG?EEPROM
  +--> ?PR?DISABLEEEPROM?EEPROM

?PR?CHECK_OPTIONS?SETTINGS                   -----    -----      -----    -----
  +--> ?PR?CHECK_MINTIMEINTERVAL?SETTINGS

?PR?INIT?MAIN                                -----    -----      -----    -----
  +--> ?PR?GETBGV?ADC_STC8

?PR?OLED_INIT?SSD1306                        -----    -----      -----    -----
  +--> ?PR?DELAY50MS?DELAY
  +--> ?PR?_OLED_WRITE_COMMAND?SSD1306

?PR?PLOTCHART?CHART                          -----    -----      0987H    0004H
  +--> ?PR?OLED_CLEAR?SSD1306
  +--> ?PR?_OLED_DRAWHLINE?SSD1306
  +--> ?PR?_OLED_DRAWVLINE?SSD1306
  +--> ?PR?_OLED_SET_POS?SSD1306
  +--> ?PR?_C_MV_V?CHART
  +--> ?PR?_OLED_DRAWSTRING?SSD1306
  +--> ?CO?CHART
  +--> ?PR?OLED_OVERLAP?SSD1306
  +--> ?PR?C_WAVEFREQ_STR?CHART
  +--> ?PR?OLED_REVERSE?SSD1306
  +--> ?PR?_OLED_DRAWCHAR?SSD1306

?PR?_OLED_DRAWHLINE?SSD1306                  -----    -----      098BH    0005H

BL51 BANKED LINKER/LOCATER V6.22.2.0                                                  05/13/2022  15:21:06  PAGE 5


?PR?_OLED_DRAWVLINE?SSD1306                  -----    -----      098BH    0006H

?PR?_OLED_DRAWSTRING?SSD1306                 -----    -----      098BH    0003H
  +--> ?PR?_OLED_DRAWCHAR?SSD1306

?PR?_OLED_DRAWCHAR?SSD1306                   -----    -----      098FH    0008H
  +--> ?CO?SSD1306
  +--> ?PR?_OLED_DRAW_BYTE?SSD1306

?PR?_OLED_DRAW_BYTE?SSD1306                  0023H.0  0000H.1    0999H    0005H

?PR?OLED_OVERLAP?SSD1306                     0023H.0  0000H.1    -----    -----

?PR?OLED_REVERSE?SSD1306                     0022H.7  0000H.1    -----    -----

?PR?OLED_DISPLAY?SSD1306                     -----    -----      0987H    0003H
  +--> ?PR?_OLED_WRITE_DATA?SSD1306

?PR?GETWAVEDATA?CHART                        -----    -----      -----    -----
  +--> ?PR?_GETWAVEADC?ADC_STC8

?PR?_GETWAVEADC?ADC_STC8                     -----    -----      0987H    0082H
  +--> ?PR?_GETADC_CHX?ADC_STC8
  +--> ?PR?_CONVERT_MV_ADC?CHART
  +--> ?PR?_ADCINIT?ADC_STC8
  +--> ?PR?_ADCREAD?ADC_STC8
  +--> ?PR?DELAY3US?DELAY
  +--> ?PR?_SWITCH_DEALY?ADC_STC8
  +--> ?PR?_GETTRIGGERPOS?CHART

?PR?_GETADC_CHX?ADC_STC8                     -----    -----      0A09H    0001H
  +--> ?PR?_ADCINIT?ADC_STC8
  +--> ?PR?_ADCREAD?ADC_STC8

?PR?_ADCINIT?ADC_STC8                        -----    -----      0A0AH    0001H
  +--> ?PR?DELAY5MS?DELAY

?PR?_CONVERT_MV_ADC?CHART                    -----    -----      0A09H    0008H

?PR?_SWITCH_DEALY?ADC_STC8                   -----    -----      -----    -----
  +--> ?PR?DELAY19971US?DELAY
  +--> ?PR?DELAY7971US?DELAY
  +--> ?PR?DELAY3971US?DELAY
  +--> ?PR?DELAY1971US?DELAY
  +--> ?PR?DELAY771US?DELAY
  +--> ?PR?DELAY371US?DELAY
  +--> ?PR?DELAY171US?DELAY
  +--> ?PR?DELAY51US?DELAY
  +--> ?PR?DELAY18US?DELAY
  +--> ?PR?DELAY6US?DELAY

?PR?_GETTRIGGERPOS?CHART                     0023H.2  0000H.1    0A09H    0004H

?PR?RUNWHENINSETTRINGS?MAIN                  -----    -----      -----    -----
  +--> ?PR?_GETVOLTAGE?ADC_STC8
  +--> ?PR?_OLED_WRITE_COMMAND?SSD1306
  +--> ?PR?PLOTSETTINGS?CHART
BL51 BANKED LINKER/LOCATER V6.22.2.0                                                  05/13/2022  15:21:06  PAGE 6


  +--> ?PR?OLED_DISPLAY?SSD1306
  +--> ?PR?SAVE_OPTIONS?SETTINGS
  +--> ?PR?PLOTSAVESTATUS?CHART
  +--> ?PR?DELAY1000MS?DELAY
  +--> ?PR?PLOTCHART?CHART

?PR?_GETVOLTAGE?ADC_STC8                     -----    -----      0987H    0005H
  +--> ?PR?_ADCINIT?ADC_STC8
  +--> ?PR?_GETADC_CHX?ADC_STC8
  +--> ?PR?GETBGV?ADC_STC8

?PR?PLOTSETTINGS?CHART                       -----    -----      -----    -----
  +--> ?PR?OLED_CLEAR?SSD1306
  +--> ?CO?CHART
  +--> ?PR?_OLED_DRAWBMP?SSD1306
  +--> ?PR?_OLED_SET_POS?SSD1306
  +--> ?PR?_OLED_DRAWSTRING?SSD1306
  +--> ?PR?_OLED_DRWCHS_16X16?SSD1306
  +--> ?PR?OLED_OVERLAP?SSD1306
  +--> ?PR?_OLED_DRAWNUM?SSD1306
  +--> ?PR?_C_MV_V?CHART
  +--> ?PR?_OLED_DRAWCHAR?SSD1306

?PR?_OLED_DRAWBMP?SSD1306                    -----    -----      0987H    0012H
  +--> ?PR?_OLED_DRAW_BYTE?SSD1306

?PR?_OLED_DRWCHS_16X16?SSD1306               -----    -----      -----    -----
  +--> ?CO?SSD1306
  +--> ?PR?_OLED_DRAWBMP?SSD1306

?PR?_OLED_DRAWNUM?SSD1306                    -----    -----      0987H    0008H
  +--> ?PR?_OLED_POW?SSD1306
  +--> ?PR?_OLED_DRAWCHAR?SSD1306

?PR?_OLED_POW?SSD1306                        -----    -----      098FH    0006H

?PR?SAVE_OPTIONS?SETTINGS                    -----    -----      0987H    0012H
  +--> ?PR?CHECK_OPTIONS?SETTINGS
  +--> ?PR?_EEPROM_SAVE?EEPROM

?PR?_EEPROM_SAVE?EEPROM                      -----    -----      0999H    0001H
  +--> ?PR?_EEPROM_SECTORERASE?EEPROM
  +--> ?PR?_EEPROM_WRITE_N?EEPROM

?PR?_EEPROM_SECTORERASE?EEPROM               -----    -----      -----    -----
  +--> ?PR?EEPROM_TRIG?EEPROM
  +--> ?PR?DISABLEEEPROM?EEPROM

?PR?_EEPROM_WRITE_N?EEPROM                   -----    -----      099AH    000CH
  +--> ?PR?EEPROM_TRIG?EEPROM
  +--> ?PR?DISABLEEEPROM?EEPROM

?PR?PLOTSAVESTATUS?CHART                     0022H.7  0000H.1    -----    -----
  +--> ?PR?_OLED_SET_POS?SSD1306
  +--> ?PR?OLED_OVERLAP?SSD1306
  +--> ?CO?CHART
  +--> ?PR?_OLED_DRAWSTRING?SSD1306
BL51 BANKED LINKER/LOCATER V6.22.2.0                                                  05/13/2022  15:21:06  PAGE 7



?PR?RUNWHENADCINTERRUPT?MAIN                 -----    -----      -----    -----
  +--> ?PR?ANALYSEDATA?CHART
  +--> ?PR?PLOTCHART?CHART
  +--> ?PR?PLOTWAVE?CHART
  +--> ?PR?OLED_DISPLAY?SSD1306

?PR?ANALYSEDATA?CHART                        -----    -----      0987H    000AH
  +--> ?PR?_GETTRIGGERPOS?CHART
  +--> ?PR?_C_ADC_MV?CHART
  +--> ?PR?GETRULERV?CHART
  +--> ?PR?_CONVERT_MV_ADC?CHART
  +--> ?PR?_GETWAVELENGTH?CHART
  +--> ?PR?GETWAVEFREQ?CHART
  +--> ?PR?_REMAP?CHART

?PR?_C_ADC_MV?CHART                          -----    -----      0991H    0008H

?PR?_GETWAVELENGTH?CHART                     0022H.7  0000H.3    0991H    0007H
  +--> ?PR?_GETTRIGGERPOS?CHART

?PR?GETWAVEFREQ?CHART                        -----    -----      0991H    0003H

?PR?_REMAP?CHART                             -----    -----      0991H    000AH

?PR?PLOTWAVE?CHART                           -----    -----      0987H    0001H
  +--> ?PR?_OLED_DRAWLINE?SSD1306
  +--> ?PR?_OLED_DRAWPIXEL?SSD1306

?PR?_OLED_DRAWLINE?SSD1306                   0022H.7  0000H.1    0988H    000AH
  +--> ?PR?_ABS?ABS
  +--> ?PR?_OLED_DRAWPIXEL?SSD1306

?PR?_OLED_DRAWPIXEL?SSD1306                  -----    -----      0992H    0004H

?PR?RUNWHENADCCOMPLETE?MAIN                  -----    -----      -----    -----
  +--> ?PR?ANALYSEDATA?CHART
  +--> ?PR?PLOTCHART?CHART
  +--> ?PR?PLOTWAVE?CHART
  +--> ?PR?OLED_DISPLAY?SSD1306

?C_INITSEG                                   -----    -----      -----    -----
  +--> ?CO?GLOBAL

*** NEW ROOT ***************************************************

?PR?TIMER1_INTERRUPT?MAIN                    -----    -----      -----    -----
  +--> ?PR?KEYSCAN?MAIN

?PR?KEYSCAN?MAIN                             -----    -----      -----    -----
  +--> ?PR?CHANGE_VAL?SETTINGS

?PR?CHANGE_VAL?SETTINGS                      0023H.3  0000H.1    -----    -----
  +--> ?PR?CHANGE_OPTIONINSETTINGS?SETTINGS
  +--> ?PR?CHANGE_RULERV?SETTINGS
  +--> ?PR?CHANGE_OPTIONINCHART?SETTINGS
  +--> ?PR?CHANGE_PLOTMODE?SETTINGS
BL51 BANKED LINKER/LOCATER V6.22.2.0                                                  05/13/2022  15:21:06  PAGE 8


  +--> ?PR?CHANGE_LSB?SETTINGS
  +--> ?PR?CHANGE_OLED_BRIGHTNESS?SETTINGS
  +--> ?PR?CHANGE_TRIPOSOFFSET?SETTINGS
  +--> ?PR?CHANGE_SCALEH?SETTINGS
  +--> ?PR?CHANGE_RULERVMAX?SETTINGS
  +--> ?PR?CHANGE_TRIGGERVALUE?SETTINGS
  +--> ?PR?CHANGE_TRIMODE?SETTINGS
  +--> ?PR?CHECK_MINTIMEINTERVAL?SETTINGS

?PR?CHANGE_OPTIONINSETTINGS?SETTINGS         0023H.4  0000H.1    -----    -----

?PR?CHANGE_RULERV?SETTINGS                   0023H.4  0000H.1    -----    -----

?PR?CHANGE_OPTIONINCHART?SETTINGS            0023H.4  0000H.1    -----    -----

?PR?CHANGE_LSB?SETTINGS                      0023H.4  0000H.1    -----    -----

?PR?CHANGE_OLED_BRIGHTNESS?SETTINGS          0023H.4  0000H.1    -----    -----

?PR?CHANGE_TRIPOSOFFSET?SETTINGS             0023H.4  0000H.1    -----    -----

?PR?CHANGE_SCALEH?SETTINGS                   0023H.4  0000H.1    -----    -----
  +--> ?PR?CHECK_MINTIMEINTERVAL?SETTINGS

?PR?CHANGE_RULERVMAX?SETTINGS                0023H.4  0000H.1    -----    -----

?PR?CHANGE_TRIGGERVALUE?SETTINGS             0023H.4  0000H.1    -----    -----

?PR?CHANGE_TRIMODE?SETTINGS                  0023H.4  0000H.1    -----    -----



SYMBOL TABLE OF MODULE:  .\Objects\Mini_DSO (?C_STARTUP)

  VALUE           TYPE          NAME
  ----------------------------------

  -------         MODULE        ?C_STARTUP
  C:32C1H         SEGMENT       ?C_C51STARTUP
  I:0024H         SEGMENT       ?STACK
  C:0000H         PUBLIC        ?C_STARTUP
  D:00E0H         SYMBOL        ACC
  D:00F0H         SYMBOL        B
  D:0083H         SYMBOL        DPH
  D:0082H         SYMBOL        DPL
  N:0000H         SYMBOL        IBPSTACK
  N:0100H         SYMBOL        IBPSTACKTOP
  N:0080H         SYMBOL        IDATALEN
  C:32C4H         SYMBOL        IDATALOOP
  N:0000H         SYMBOL        PBPSTACK
  N:0100H         SYMBOL        PBPSTACKTOP
  N:0000H         SYMBOL        PDATALEN
  N:0000H         SYMBOL        PDATASTART
  N:0000H         SYMBOL        PPAGE
  N:0000H         SYMBOL        PPAGEENABLE
  D:00A0H         SYMBOL        PPAGE_SFR
  D:0081H         SYMBOL        SP
BL51 BANKED LINKER/LOCATER V6.22.2.0                                                  05/13/2022  15:21:06  PAGE 9


  C:32C1H         SYMBOL        STARTUP1
  N:0000H         SYMBOL        XBPSTACK
  N:0000H         SYMBOL        XBPSTACKTOP
  N:0000H         SYMBOL        XDATALEN
  N:0000H         SYMBOL        XDATASTART
  C:0000H         LINE#         126
  C:32C1H         LINE#         133
  C:32C3H         LINE#         134
  C:32C4H         LINE#         135
  C:32C5H         LINE#         136
  C:32C7H         LINE#         185
  C:32CAH         LINE#         196
  -------         ENDMOD        ?C_STARTUP

  -------         MODULE        MAIN
  C:0000H         SYMBOL        _ICE_DUMMY_
  D:0092H         PUBLIC        P1M0
  D:0093H         PUBLIC        P0M1
  D:0096H         PUBLIC        P2M0
  D:0091H         PUBLIC        P1M1
  D:0080H         PUBLIC        P0
  D:00B2H         PUBLIC        P3M0
  D:0095H         PUBLIC        P2M1
  D:0090H         PUBLIC        P1
  D:00B1H         PUBLIC        P3M1
  D:00A0H         PUBLIC        P2
  X:0A12H         PUBLIC        Key1_cnt
  D:00B0H         PUBLIC        P3
  X:0A14H         PUBLIC        Key2_cnt
  D:00C0H         PUBLIC        P4
  X:0A16H         PUBLIC        Key3_cnt
  X:0A18H         PUBLIC        Key4_cnt
  B:00A8H.7       PUBLIC        EA
  C:3C9BH         PUBLIC        TIMER0_interrupt
  C:3A7CH         PUBLIC        TIMER1_interrupt
  C:3231H         PUBLIC        runWhenADCInterrupt
  D:00BAH         PUBLIC        P_SW2
  B:00B0H.2       PUBLIC        KEY1
  B:00B0H.3       PUBLIC        KEY2
  B:00B0H.4       PUBLIC        KEY3
  B:00B0H.5       PUBLIC        KEY4
  C:3830H         PUBLIC        main
  B:0090H.1       PUBLIC        P_Ready
  B:0022H.1       PUBLIC        Key4_Long_Flag
  B:0022H.2       PUBLIC        Key4_Short_Flag
  C:25DDH         PUBLIC        KeyScan
  D:00F5H         PUBLIC        IAP_TPS
  D:0089H         PUBLIC        TMOD
  C:3714H         PUBLIC        init
  B:0022H.3       PUBLIC        Key1_Flag
  B:0022H.4       PUBLIC        Key2_Flag
  B:0022H.5       PUBLIC        Key3_Flag
  B:0022H.6       PUBLIC        Key4_Flag
  D:008EH         PUBLIC        AUXR
  B:00A8H.1       PUBLIC        ET0
  B:00A8H.3       PUBLIC        ET1
  B:0088H.5       PUBLIC        TF0
BL51 BANKED LINKER/LOCATER V6.22.2.0                                                  05/13/2022  15:21:06  PAGE 10


  B:0088H.7       PUBLIC        TF1
  C:3D8FH         PUBLIC        Timer1Init
  D:008CH         PUBLIC        TH0
  D:008DH         PUBLIC        TH1
  D:008AH         PUBLIC        TL0
  D:008BH         PUBLIC        TL1
  B:0088H.4       PUBLIC        TR0
  B:0088H.6       PUBLIC        TR1
  C:36B2H         PUBLIC        runWhenInSettrings
  C:3C19H         PUBLIC        runWhenADCComplete
  D:0094H         PUBLIC        P0M0
  -------         PROC          INIT
  C:3714H         LINE#         226
  C:3714H         LINE#         227
  C:3714H         LINE#         228
  C:3716H         LINE#         229
  C:371BH         LINE#         230
  C:371FH         LINE#         231
  C:3721H         LINE#         232
  C:3723H         LINE#         233
  C:3725H         LINE#         234
  C:3727H         LINE#         235
  C:3729H         LINE#         236
  C:372BH         LINE#         237
  C:372DH         LINE#         238
  C:372FH         LINE#         239
  C:3731H         LINE#         240
  C:3733H         LINE#         241
  C:3735H         LINE#         242
  C:373FH         LINE#         243
  C:3745H         LINE#         244
  C:374AH         LINE#         245
  C:374CH         LINE#         246
  C:3752H         LINE#         247
  C:3758H         LINE#         248
  C:375EH         LINE#         249
  C:3768H         LINE#         258
  C:3773H         LINE#         259
  -------         ENDPROC       INIT
  -------         PROC          RUNWHENINSETTRINGS
  C:36B2H         LINE#         261
  C:36B2H         LINE#         262
  C:36B2H         LINE#         263
  C:36B4H         LINE#         264
  C:36B6H         LINE#         265
  C:36B9H         LINE#         266
  C:36B9H         LINE#         269
  C:36BCH         LINE#         270
  C:36BCH         LINE#         271
  C:36BEH         LINE#         272
  C:36CFH         LINE#         273
  C:36CFH         LINE#         277
  C:36D2H         LINE#         278
  C:36D2H         LINE#         279
  C:36D4H         LINE#         280
  C:36D9H         LINE#         281
  C:36E5H         LINE#         282
BL51 BANKED LINKER/LOCATER V6.22.2.0                                                  05/13/2022  15:21:06  PAGE 11


  C:36E5H         LINE#         286
  C:36E8H         LINE#         287
  C:36E8H         LINE#         288
  C:36EAH         LINE#         289
  C:36EDH         LINE#         290
  C:36F0H         LINE#         291
  C:36F0H         LINE#         292
  C:36F2H         LINE#         296
  C:36F4H         LINE#         297
  C:36F7H         LINE#         298
  C:36F7H         LINE#         299
  C:36F9H         LINE#         300
  C:36FBH         LINE#         303
  C:3703H         LINE#         304
  C:3706H         LINE#         305
  C:3709H         LINE#         306
  C:3709H         LINE#         310
  C:370BH         LINE#         311
  C:370EH         LINE#         312
  C:3711H         LINE#         315
  C:3713H         LINE#         316
  -------         ENDPROC       RUNWHENINSETTRINGS
  -------         PROC          RUNWHENADCINTERRUPT
  C:3231H         LINE#         331
  C:3231H         LINE#         332
  C:3231H         LINE#         333
  C:3233H         LINE#         334
  C:3235H         LINE#         338
  C:3238H         LINE#         339
  C:3238H         LINE#         342
  C:323BH         LINE#         343
  C:323BH         LINE#         344
  C:323DH         LINE#         345
  C:323FH         LINE#         349
  C:3242H         LINE#         350
  C:3242H         LINE#         351
  C:3244H         LINE#         352
  C:3253H         LINE#         353
  C:325DH         LINE#         354
  C:325FH         LINE#         355
  C:3266H         LINE#         356
  C:326CH         LINE#         357
  C:326CH         LINE#         358
  C:326EH         LINE#         362
  C:326EH         LINE#         363
  C:3271H         LINE#         364
  C:3274H         LINE#         365
  C:3277H         LINE#         366
  C:3277H         LINE#         367
  C:3279H         LINE#         369
  C:3279H         LINE#         370
  C:327BH         LINE#         371
  C:327EH         LINE#         372
  C:327EH         LINE#         373
  C:3281H         LINE#         382
  C:3281H         LINE#         387
  C:3281H         LINE#         388
BL51 BANKED LINKER/LOCATER V6.22.2.0                                                  05/13/2022  15:21:06  PAGE 12


  C:3287H         LINE#         389
  C:3287H         LINE#         390
  C:328AH         LINE#         391
  C:328AH         LINE#         393
  C:328CH         LINE#         394
  C:328FH         LINE#         395
  C:328FH         LINE#         396
  C:3291H         LINE#         399
  C:3294H         LINE#         400
  C:3296H         LINE#         404
  C:32A2H         LINE#         405
  C:32A2H         LINE#         409
  C:32A5H         LINE#         410
  C:32A8H         LINE#         411
  C:32AAH         LINE#         416
  C:32AAH         LINE#         417
  C:32B4H         LINE#         418
  C:32B4H         LINE#         419
  C:32B4H         LINE#         420
  C:32B6H         LINE#         424
  C:32B6H         LINE#         425
  C:32B8H         LINE#         426
  C:32BBH         LINE#         427
  C:32BBH         LINE#         429
  C:32BEH         LINE#         432
  C:32BEH         LINE#         433
  C:32C0H         LINE#         434
  C:32C0H         LINE#         435
  -------         ENDPROC       RUNWHENADCINTERRUPT
  -------         PROC          RUNWHENADCCOMPLETE
  C:3C19H         LINE#         437
  C:3C19H         LINE#         438
  C:3C19H         LINE#         441
  C:3C28H         LINE#         442
  C:3C28H         LINE#         444
  C:3C2AH         LINE#         445
  C:3C2CH         LINE#         446
  C:3C2EH         LINE#         447
  C:3C30H         LINE#         448
  C:3C33H         LINE#         449
  C:3C35H         LINE#         450
  C:3C35H         LINE#         451
  C:3C35H         LINE#         452
  C:3C35H         LINE#         455
  C:3C37H         LINE#         460
  C:3C37H         LINE#         462
  C:3C39H         LINE#         463
  C:3C3CH         LINE#         464
  C:3C3FH         LINE#         465
  C:3C42H         LINE#         466
  C:3C45H         LINE#         469
  C:3C45H         LINE#         470
  -------         ENDPROC       RUNWHENADCCOMPLETE
  -------         PROC          TIMER1INIT
  C:3D8FH         LINE#         473
  C:3D8FH         LINE#         474
  C:3D8FH         LINE#         475
BL51 BANKED LINKER/LOCATER V6.22.2.0                                                  05/13/2022  15:21:06  PAGE 13


  C:3D92H         LINE#         476
  C:3D95H         LINE#         479
  C:3D98H         LINE#         480
  C:3D9BH         LINE#         481
  C:3D9DH         LINE#         482
  C:3D9FH         LINE#         483
  C:3DA1H         LINE#         484
  -------         ENDPROC       TIMER1INIT
  -------         PROC          MAIN
  C:3830H         LINE#         488
  C:3830H         LINE#         489
  C:3830H         LINE#         490
  C:3833H         LINE#         496
  C:3836H         LINE#         497
  C:3839H         LINE#         503
  C:383BH         LINE#         504
  C:383EH         LINE#         510
  C:3840H         LINE#         511
  C:3842H         LINE#         517
  C:3844H         LINE#         518
  C:3846H         LINE#         540
  C:3849H         LINE#         541
  C:384CH         LINE#         542
  C:384FH         LINE#         543
  C:3852H         LINE#         544
  C:3854H         LINE#         545
  C:3856H         LINE#         547
  C:3859H         LINE#         549
  C:385CH         LINE#         553
  C:385EH         LINE#         557
  C:3861H         LINE#         558
  C:3864H         LINE#         559
  C:3867H         LINE#         560
  C:386CH         LINE#         561
  C:386FH         LINE#         562
  C:3872H         LINE#         564
  C:3872H         LINE#         565
  C:3872H         LINE#         566
  C:3874H         LINE#         570
  C:3877H         LINE#         574
  C:387AH         LINE#         575
  C:387AH         LINE#         576
  C:387DH         LINE#         577
  C:387FH         LINE#         581
  C:3882H         LINE#         582
  C:3882H         LINE#         583
  C:3885H         LINE#         584
  C:3887H         LINE#         589
  C:3887H         LINE#         590
  C:388AH         LINE#         591
  C:388AH         LINE#         592
  -------         ENDPROC       MAIN
  -------         PROC          TIMER0_INTERRUPT
  -------         DO            
  X:0A11H         SYMBOL        n
  -------         ENDDO         
  C:3C9BH         LINE#         734
BL51 BANKED LINKER/LOCATER V6.22.2.0                                                  05/13/2022  15:21:06  PAGE 14


  C:3CA3H         LINE#         738
  C:3CB2H         LINE#         739
  C:3CB2H         LINE#         740
  C:3CB4H         LINE#         741
  C:3CB6H         LINE#         742
  C:3CB8H         LINE#         743
  C:3CB8H         LINE#         744
  -------         ENDPROC       TIMER0_INTERRUPT
  -------         PROC          TIMER1_INTERRUPT
  C:3A7CH         LINE#         746
  C:3A99H         LINE#         748
  C:3A9CH         LINE#         749
  -------         ENDPROC       TIMER1_INTERRUPT
  -------         PROC          KEYSCAN
  C:25DDH         LINE#         760
  C:25DDH         LINE#         761
  C:25DDH         LINE#         763
  C:25E0H         LINE#         764
  C:25E0H         LINE#         765
  C:25E3H         LINE#         766
  C:25E3H         LINE#         767
  C:25F1H         LINE#         768
  C:2600H         LINE#         769
  C:2600H         LINE#         770
  C:2602H         LINE#         771
  C:2607H         LINE#         773
  C:2607H         LINE#         774
  C:2607H         LINE#         775
  C:2609H         LINE#         777
  C:2609H         LINE#         778
  C:2610H         LINE#         779
  C:2612H         LINE#         780
  C:2612H         LINE#         783
  C:2615H         LINE#         784
  C:2615H         LINE#         785
  C:2618H         LINE#         786
  C:2618H         LINE#         787
  C:2626H         LINE#         788
  C:2635H         LINE#         789
  C:2635H         LINE#         790
  C:2637H         LINE#         791
  C:263CH         LINE#         793
  C:263CH         LINE#         794
  C:263CH         LINE#         795
  C:263EH         LINE#         797
  C:263EH         LINE#         798
  C:2645H         LINE#         799
  C:2647H         LINE#         800
  C:2647H         LINE#         803
  C:264AH         LINE#         804
  C:264AH         LINE#         805
  C:264DH         LINE#         806
  C:264DH         LINE#         807
  C:265BH         LINE#         808
  C:266AH         LINE#         809
  C:266AH         LINE#         810
  C:266CH         LINE#         814
BL51 BANKED LINKER/LOCATER V6.22.2.0                                                  05/13/2022  15:21:06  PAGE 15


  C:266EH         LINE#         818
  C:2671H         LINE#         819
  C:2671H         LINE#         820
  C:2673H         LINE#         821
  C:2675H         LINE#         822
  C:2677H         LINE#         823
  C:2679H         LINE#         824
  C:267BH         LINE#         829
  C:267BH         LINE#         830
  C:267DH         LINE#         831
  C:267FH         LINE#         832
  C:2689H         LINE#         833
  C:268BH         LINE#         834
  C:2692H         LINE#         835
  C:2698H         LINE#         836
  C:269AH         LINE#         837
  C:269CH         LINE#         838
  C:269EH         LINE#         839
  C:269EH         LINE#         840
  C:26A0H         LINE#         841
  C:26A0H         LINE#         842
  C:26A0H         LINE#         843
  C:26A2H         LINE#         845
  C:26A2H         LINE#         846
  C:26A9H         LINE#         847
  C:26ABH         LINE#         848
  C:26ABH         LINE#         851
  C:26AEH         LINE#         852
  C:26AEH         LINE#         853
  C:26B1H         LINE#         854
  C:26B1H         LINE#         855
  C:26BFH         LINE#         856
  C:26CFH         LINE#         857
  C:26CFH         LINE#         858
  C:26D1H         LINE#         859
  C:26D3H         LINE#         860
  C:26D5H         LINE#         867
  C:26D8H         LINE#         868
  C:26D8H         LINE#         869
  C:26DAH         LINE#         870
  C:26DCH         LINE#         871
  C:26DEH         LINE#         872
  C:26E0H         LINE#         873
  C:26E2H         LINE#         874
  C:26E2H         LINE#         875
  C:26E3H         LINE#         876
  C:26ECH         LINE#         877
  C:26ECH         LINE#         878
  C:26EEH         LINE#         879
  C:26EEH         LINE#         880
  C:26EEH         LINE#         881
  C:26EFH         LINE#         883
  C:26EFH         LINE#         884
  C:26F2H         LINE#         885
  C:26F2H         LINE#         886
  C:26F4H         LINE#         890
  C:26F7H         LINE#         891
BL51 BANKED LINKER/LOCATER V6.22.2.0                                                  05/13/2022  15:21:06  PAGE 16


  C:26F7H         LINE#         892
  C:26F9H         LINE#         893
  C:26FCH         LINE#         894
  C:26FCH         LINE#         895
  C:26FEH         LINE#         896
  C:2700H         LINE#         897
  C:2702H         LINE#         899
  C:2702H         LINE#         900
  C:2704H         LINE#         901
  C:2706H         LINE#         902
  C:2706H         LINE#         903
  C:2708H         LINE#         904
  C:2708H         LINE#         905
  C:2708H         LINE#         906
  C:270FH         LINE#         907
  C:2711H         LINE#         908
  C:2711H         LINE#         909
  -------         ENDPROC       KEYSCAN
  -------         ENDMOD        MAIN

  -------         MODULE        DELAY
  C:0000H         SYMBOL        _ICE_DUMMY_
  D:0080H         PUBLIC        P0
  D:0090H         PUBLIC        P1
  D:00A0H         PUBLIC        P2
  D:00B0H         PUBLIC        P3
  D:00C0H         PUBLIC        P4
  C:3E10H         PUBLIC        Delay5ms
  C:3E5BH         PUBLIC        Delay3us
  C:3E65H         PUBLIC        Delay6us
  C:3DCFH         PUBLIC        Delay1000ms
  C:3E2EH         PUBLIC        Delay1971us
  C:3E1AH         PUBLIC        Delay3971us
  C:3DDDH         PUBLIC        Delay7971us
  C:3DC1H         PUBLIC        Delay50ms
  C:3E24H         PUBLIC        Delay51us
  C:3E60H         PUBLIC        Delay18us
  C:000EH         PUBLIC        Delay19971us
  C:3E05H         PUBLIC        Delay171us
  C:3E40H         PUBLIC        Delay371us
  C:3E37H         PUBLIC        Delay771us
  -------         PROC          DELAY5MS
  -------         DO            
  D:0007H         SYMBOL        i
  D:0006H         SYMBOL        j
  -------         ENDDO         
  C:3E10H         LINE#         22
  C:3E10H         LINE#         23
  C:3E10H         LINE#         26
  C:3E11H         LINE#         27
  C:3E13H         LINE#         28
  C:3E15H         LINE#         31
  C:3E15H         LINE#         32
  C:3E17H         LINE#         34
  C:3E19H         LINE#         35
  -------         ENDPROC       DELAY5MS
  -------         PROC          DELAY50MS
BL51 BANKED LINKER/LOCATER V6.22.2.0                                                  05/13/2022  15:21:06  PAGE 17


  -------         DO            
  D:0007H         SYMBOL        i
  D:0006H         SYMBOL        j
  D:0005H         SYMBOL        k
  -------         ENDDO         
  C:3DC1H         LINE#         37
  C:3DC1H         LINE#         38
  C:3DC1H         LINE#         41
  C:3DC2H         LINE#         42
  C:3DC4H         LINE#         43
  C:3DC6H         LINE#         44
  C:3DC8H         LINE#         47
  C:3DC8H         LINE#         49
  C:3DC8H         LINE#         50
  C:3DCAH         LINE#         52
  C:3DCCH         LINE#         53
  C:3DCEH         LINE#         54
  -------         ENDPROC       DELAY50MS
  -------         PROC          DELAY1000MS
  -------         DO            
  D:0007H         SYMBOL        i
  D:0006H         SYMBOL        j
  D:0005H         SYMBOL        k
  -------         ENDDO         
  C:3DCFH         LINE#         119
  C:3DCFH         LINE#         120
  C:3DCFH         LINE#         123
  C:3DD0H         LINE#         124
  C:3DD2H         LINE#         125
  C:3DD4H         LINE#         126
  C:3DD6H         LINE#         129
  C:3DD6H         LINE#         131
  C:3DD6H         LINE#         132
  C:3DD8H         LINE#         134
  C:3DDAH         LINE#         135
  C:3DDCH         LINE#         136
  -------         ENDPROC       DELAY1000MS
  -------         PROC          DELAY3US
  -------         DO            
  D:0007H         SYMBOL        i
  -------         ENDDO         
  C:3E5BH         LINE#         138
  C:3E5BH         LINE#         139
  C:3E5BH         LINE#         142
  C:3E5DH         LINE#         144
  C:3E5FH         LINE#         146
  -------         ENDPROC       DELAY3US
  -------         PROC          DELAY19971US
  -------         DO            
  D:0007H         SYMBOL        i
  D:0006H         SYMBOL        j
  D:0005H         SYMBOL        k
  -------         ENDDO         
  C:000EH         LINE#         149
  C:000EH         LINE#         150
  C:000EH         LINE#         153
  C:0010H         LINE#         154
BL51 BANKED LINKER/LOCATER V6.22.2.0                                                  05/13/2022  15:21:06  PAGE 18


  C:0012H         LINE#         155
  C:0014H         LINE#         158
  C:0014H         LINE#         160
  C:0014H         LINE#         161
  C:0016H         LINE#         163
  C:0018H         LINE#         164
  C:001AH         LINE#         165
  -------         ENDPROC       DELAY19971US
  -------         PROC          DELAY7971US
  -------         DO            
  D:0007H         SYMBOL        i
  D:0006H         SYMBOL        j
  D:0005H         SYMBOL        k
  -------         ENDDO         
  C:3DDDH         LINE#         168
  C:3DDDH         LINE#         169
  C:3DDDH         LINE#         172
  C:3DDEH         LINE#         173
  C:3DE0H         LINE#         174
  C:3DE2H         LINE#         175
  C:3DE4H         LINE#         178
  C:3DE4H         LINE#         180
  C:3DE4H         LINE#         181
  C:3DE6H         LINE#         183
  C:3DE8H         LINE#         184
  C:3DEAH         LINE#         185
  -------         ENDPROC       DELAY7971US
  -------         PROC          DELAY3971US
  -------         DO            
  D:0007H         SYMBOL        i
  D:0006H         SYMBOL        j
  -------         ENDDO         
  C:3E1AH         LINE#         188
  C:3E1AH         LINE#         189
  C:3E1AH         LINE#         192
  C:3E1BH         LINE#         193
  C:3E1DH         LINE#         194
  C:3E1FH         LINE#         197
  C:3E1FH         LINE#         198
  C:3E21H         LINE#         200
  C:3E23H         LINE#         201
  -------         ENDPROC       DELAY3971US
  -------         PROC          DELAY1971US
  -------         DO            
  D:0007H         SYMBOL        i
  D:0006H         SYMBOL        j
  -------         ENDDO         
  C:3E2EH         LINE#         204
  C:3E2EH         LINE#         205
  C:3E2EH         LINE#         208
  C:3E30H         LINE#         209
  C:3E32H         LINE#         212
  C:3E32H         LINE#         213
  C:3E34H         LINE#         215
  C:3E36H         LINE#         216
  -------         ENDPROC       DELAY1971US
  -------         PROC          DELAY771US
BL51 BANKED LINKER/LOCATER V6.22.2.0                                                  05/13/2022  15:21:06  PAGE 19


  -------         DO            
  D:0007H         SYMBOL        i
  D:0006H         SYMBOL        j
  -------         ENDDO         
  C:3E37H         LINE#         219
  C:3E37H         LINE#         220
  C:3E37H         LINE#         223
  C:3E39H         LINE#         224
  C:3E3BH         LINE#         227
  C:3E3BH         LINE#         228
  C:3E3DH         LINE#         230
  C:3E3FH         LINE#         231
  -------         ENDPROC       DELAY771US
  -------         PROC          DELAY371US
  -------         DO            
  D:0007H         SYMBOL        i
  D:0006H         SYMBOL        j
  -------         ENDDO         
  C:3E40H         LINE#         234
  C:3E40H         LINE#         235
  C:3E40H         LINE#         238
  C:3E42H         LINE#         239
  C:3E44H         LINE#         242
  C:3E44H         LINE#         243
  C:3E46H         LINE#         245
  C:3E48H         LINE#         246
  -------         ENDPROC       DELAY371US
  -------         PROC          DELAY171US
  -------         DO            
  D:0007H         SYMBOL        i
  D:0006H         SYMBOL        j
  -------         ENDDO         
  C:3E05H         LINE#         249
  C:3E05H         LINE#         250
  C:3E05H         LINE#         253
  C:3E06H         LINE#         254
  C:3E07H         LINE#         255
  C:3E09H         LINE#         256
  C:3E0BH         LINE#         259
  C:3E0BH         LINE#         260
  C:3E0DH         LINE#         262
  C:3E0FH         LINE#         263
  -------         ENDPROC       DELAY171US
  -------         PROC          DELAY51US
  -------         DO            
  D:0007H         SYMBOL        i
  D:0006H         SYMBOL        j
  -------         ENDDO         
  C:3E24H         LINE#         266
  C:3E24H         LINE#         267
  C:3E24H         LINE#         270
  C:3E25H         LINE#         271
  C:3E27H         LINE#         272
  C:3E29H         LINE#         275
  C:3E29H         LINE#         276
  C:3E2BH         LINE#         278
  C:3E2DH         LINE#         279
BL51 BANKED LINKER/LOCATER V6.22.2.0                                                  05/13/2022  15:21:06  PAGE 20


  -------         ENDPROC       DELAY51US
  -------         PROC          DELAY18US
  -------         DO            
  D:0007H         SYMBOL        i
  -------         ENDDO         
  C:3E60H         LINE#         282
  C:3E60H         LINE#         283
  C:3E60H         LINE#         286
  C:3E62H         LINE#         288
  C:3E64H         LINE#         290
  -------         ENDPROC       DELAY18US
  -------         PROC          DELAY6US
  -------         DO            
  D:0007H         SYMBOL        i
  -------         ENDDO         
  C:3E65H         LINE#         293
  C:3E65H         LINE#         294
  C:3E65H         LINE#         297
  C:3E67H         LINE#         299
  C:3E69H         LINE#         301
  -------         ENDPROC       DELAY6US
  -------         ENDMOD        DELAY

  -------         MODULE        ADC_STC8
  C:0000H         SYMBOL        _ICE_DUMMY_
  D:0080H         PUBLIC        P0
  C:164DH         PUBLIC        _GetWaveADC
  D:0090H         PUBLIC        P1
  C:3E49H         PUBLIC        GetBGV
  D:00A0H         PUBLIC        P2
  D:00B0H         PUBLIC        P3
  D:00C0H         PUBLIC        P4
  D:00BDH         PUBLIC        ADC_RES
  D:00DEH         PUBLIC        ADCCFG
  B:0090H.1       PUBLIC        P_Ready
  C:3D2AH         PUBLIC        _GetADC_CHX
  D:00BCH         PUBLIC        ADC_CONTR
  C:3CC6H         PUBLIC        _ADCRead
  C:35D9H         PUBLIC        _ADCInit
  D:00BEH         PUBLIC        ADC_RESL
  C:3891H         PUBLIC        _switch_Dealy
  C:364CH         PUBLIC        _GetVoltage
  -------         PROC          _ADCINIT
  D:0007H         SYMBOL        scale_h
  -------         DO            
  X:0A0AH         SYMBOL        ADC_SPEED
  -------         ENDDO         
  C:35D9H         LINE#         32
  C:35D9H         LINE#         33
  C:35D9H         LINE#         36
  C:360AH         LINE#         37
  C:360AH         LINE#         38
  C:360AH         LINE#         39
  C:360AH         LINE#         40
  C:360CH         LINE#         42
  C:360CH         LINE#         43
  C:360CH         LINE#         44
BL51 BANKED LINKER/LOCATER V6.22.2.0                                                  05/13/2022  15:21:06  PAGE 21


  C:360EH         LINE#         46
  C:360EH         LINE#         47
  C:360EH         LINE#         48
  C:3610H         LINE#         50
  C:3610H         LINE#         51
  C:3610H         LINE#         52
  C:3612H         LINE#         54
  C:3612H         LINE#         55
  C:3612H         LINE#         56
  C:3614H         LINE#         58
  C:3614H         LINE#         59
  C:3614H         LINE#         60
  C:3616H         LINE#         62
  C:3616H         LINE#         63
  C:3616H         LINE#         64
  C:3618H         LINE#         66
  C:3618H         LINE#         67
  C:361EH         LINE#         68
  C:3620H         LINE#         70
  C:3620H         LINE#         71
  C:3626H         LINE#         72
  C:3628H         LINE#         74
  C:3628H         LINE#         75
  C:362EH         LINE#         76
  C:3630H         LINE#         78
  C:3630H         LINE#         79
  C:3630H         LINE#         80
  C:3630H         LINE#         82
  C:3635H         LINE#         84
  C:3635H         LINE#         85
  C:3635H         LINE#         87
  C:363DH         LINE#         88
  C:3640H         LINE#         89
  C:3649H         LINE#         90
  -------         ENDPROC       _ADCINIT
  C:3CC1H         SYMBOL        L?0087
  -------         PROC          L?0086
  -------         ENDPROC       L?0086
  C:3CC1H         SYMBOL        L?0087
  -------         PROC          _ADCREAD
  D:0007H         SYMBOL        chx
  -------         DO            
  D:0006H         SYMBOL        res
  -------         ENDDO         
  C:3CC6H         LINE#         93
  C:3CC6H         LINE#         94
  C:3CC6H         LINE#         96
  C:3CC9H         LINE#         97
  C:3CCBH         LINE#         98
  C:3CCEH         LINE#         99
  C:3CD1H         LINE#         100
  C:3CD4H         LINE#         101
  C:3CD5H         LINE#         102
  C:3CD6H         LINE#         104
  C:3CDBH         LINE#         107
  C:3CDEH         LINE#         108
  C:3CE6H         LINE#         109
BL51 BANKED LINKER/LOCATER V6.22.2.0                                                  05/13/2022  15:21:06  PAGE 22


  C:3CE6H         LINE#         110
  -------         ENDPROC       _ADCREAD
  -------         PROC          GETBGV
  -------         DO            
  D:0006H         SYMBOL        BGV
  -------         ENDDO         
  C:3E49H         LINE#         112
  C:3E49H         LINE#         113
  C:3E49H         LINE#         115
  C:3E51H         LINE#         117
  C:3E51H         LINE#         118
  -------         ENDPROC       GETBGV
  -------         PROC          _GETADC_CHX
  X:0A09H         SYMBOL        chx
  -------         DO            
  D:0006H         SYMBOL        ADCx
  -------         ENDDO         
  C:3D2AH         LINE#         120
  C:3D2FH         LINE#         121
  C:3D2FH         LINE#         125
  C:3D34H         LINE#         128
  C:3D3CH         LINE#         129
  C:3D41H         LINE#         130
  -------         ENDPROC       _GETADC_CHX
  -------         PROC          _GETVOLTAGE
  X:0987H         SYMBOL        chx
  X:0988H         SYMBOL        lsb
  -------         DO            
  X:098AH         SYMBOL        ADCbg
  D:0006H         SYMBOL        BGV
  D:0004H         SYMBOL        ADCx
  D:0006H         SYMBOL        Vx
  -------         ENDDO         
  C:364CH         LINE#         141
  C:3657H         LINE#         142
  C:3657H         LINE#         148
  C:365CH         LINE#         151
  C:3669H         LINE#         154
  C:3675H         LINE#         157
  C:3678H         LINE#         158
  -------         ENDPROC       _GETVOLTAGE
  C:388CH         SYMBOL        L?0089
  -------         PROC          L?0088
  -------         ENDPROC       L?0088
  C:388CH         SYMBOL        L?0089
  -------         PROC          _SWITCH_DEALY
  D:0007H         SYMBOL        scale_h
  C:3891H         LINE#         187
  C:3891H         LINE#         188
  C:3891H         LINE#         189
  C:38BFH         LINE#         190
  C:38BFH         LINE#         192
  C:38BFH         LINE#         193
  C:38C2H         LINE#         194
  C:38C2H         LINE#         197
  C:38C2H         LINE#         198
  C:38C5H         LINE#         199
BL51 BANKED LINKER/LOCATER V6.22.2.0                                                  05/13/2022  15:21:06  PAGE 23


  C:38C5H         LINE#         202
  C:38C5H         LINE#         203
  C:38C8H         LINE#         204
  C:38C8H         LINE#         207
  C:38C8H         LINE#         208
  C:38CBH         LINE#         209
  C:38CBH         LINE#         212
  C:38CBH         LINE#         213
  C:38CEH         LINE#         214
  C:38CEH         LINE#         217
  C:38CEH         LINE#         218
  C:38D1H         LINE#         219
  C:38D1H         LINE#         222
  C:38D1H         LINE#         223
  C:38D4H         LINE#         224
  C:38D4H         LINE#         227
  C:38D4H         LINE#         228
  C:38D7H         LINE#         229
  C:38D7H         LINE#         232
  C:38D7H         LINE#         233
  C:38DAH         LINE#         234
  C:38DAH         LINE#         237
  C:38DAH         LINE#         238
  C:38DDH         LINE#         239
  C:38DDH         LINE#         242
  C:38DDH         LINE#         245
  C:38DEH         LINE#         247
  C:38DEH         LINE#         250
  C:38DEH         LINE#         252
  C:38DEH         LINE#         253
  C:38DEH         LINE#         254
  -------         ENDPROC       _SWITCH_DEALY
  -------         PROC          _GETWAVEADC
  X:0987H         SYMBOL        chx
  X:0988H         SYMBOL        scale_h
  -------         DO            
  X:0989H         SYMBOL        i
  X:098AH         SYMBOL        j
  X:07CFH         SYMBOL        ADCSampling
  X:098BH         SYMBOL        ADCPreSampling
  -------         ENDDO         
  C:164DH         LINE#         256
  C:1655H         LINE#         257
  C:1655H         LINE#         262
  C:1657H         LINE#         263
  C:165AH         LINE#         264
  C:165DH         LINE#         265
  C:166CH         LINE#         266
  C:167BH         LINE#         268
  C:168AH         LINE#         269
  C:16B4H         LINE#         272
  C:16BCH         LINE#         274
  C:16BFH         LINE#         275
  C:16C4H         LINE#         278
  C:16CAH         LINE#         279
  C:16CAH         LINE#         280
  C:16CCH         LINE#         281
BL51 BANKED LINKER/LOCATER V6.22.2.0                                                  05/13/2022  15:21:06  PAGE 24


  C:16DBH         LINE#         282
  C:16DBH         LINE#         283
  C:16DEH         LINE#         284
  C:16E1H         LINE#         285
  C:16FBH         LINE#         289
  C:1703H         LINE#         290
  C:1705H         LINE#         291
  C:1708H         LINE#         295
  C:1711H         LINE#         296
  C:1711H         LINE#         297
  C:1713H         LINE#         298
  C:1726H         LINE#         299
  C:1726H         LINE#         300
  C:1729H         LINE#         301
  C:172CH         LINE#         303
  C:172FH         LINE#         304
  C:1732H         LINE#         305
  C:1749H         LINE#         309
  C:1751H         LINE#         310
  C:1753H         LINE#         313
  C:1753H         LINE#         314
  C:1753H         LINE#         315
  C:1756H         LINE#         316
  C:1759H         LINE#         319
  C:1766H         LINE#         320
  C:1766H         LINE#         321
  C:1769H         LINE#         322
  C:1778H         LINE#         323
  C:1778H         LINE#         324
  C:177BH         LINE#         325
  C:1793H         LINE#         326
  C:17C6H         LINE#         327
  C:17C6H         LINE#         328
  C:17C8H         LINE#         329
  C:17CAH         LINE#         330
  C:17CAH         LINE#         331
  C:17D0H         LINE#         335
  C:17D3H         LINE#         338
  C:17E5H         LINE#         339
  C:17E5H         LINE#         340
  C:17E8H         LINE#         341
  C:17EBH         LINE#         343
  C:17EEH         LINE#         344
  C:17F1H         LINE#         345
  C:180BH         LINE#         349
  C:1813H         LINE#         352
  C:1829H         LINE#         353
  C:1829H         LINE#         354
  C:182CH         LINE#         355
  C:182FH         LINE#         356
  C:183EH         LINE#         357
  C:1841H         LINE#         359
  C:1869H         LINE#         360
  C:1871H         LINE#         361
  C:1871H         LINE#         366
  C:1871H         LINE#         367
  C:1873H         LINE#         368
BL51 BANKED LINKER/LOCATER V6.22.2.0                                                  05/13/2022  15:21:06  PAGE 25


  C:1885H         LINE#         369
  C:1885H         LINE#         370
  C:1888H         LINE#         371
  C:188AH         LINE#         372
  C:18A4H         LINE#         373
  C:18A7H         LINE#         374
  C:18AAH         LINE#         378
  C:18B2H         LINE#         379
  C:18B4H         LINE#         380
  C:18B4H         LINE#         381
  C:18B6H         LINE#         382
  C:18BCH         LINE#         383
  -------         ENDPROC       _GETWAVEADC
  -------         ENDMOD        ADC_STC8

  -------         MODULE        SETTINGS
  C:0000H         SYMBOL        _ICE_DUMMY_
  D:0080H         PUBLIC        P0
  D:0090H         PUBLIC        P1
  D:00A0H         PUBLIC        P2
  C:3B25H         PUBLIC        change_TriMode
  D:00B0H         PUBLIC        P3
  D:00C0H         PUBLIC        P4
  C:3774H         PUBLIC        change_TriPosOffset
  C:345FH         PUBLIC        change_TriggerValue
  C:38DFH         PUBLIC        change_LSB
  C:334DH         PUBLIC        change_RulerV
  C:3AEFH         PUBLIC        Check_MinTimeInterval
  C:293EH         PUBLIC        Change_Val
  C:1CBCH         PUBLIC        Read_Options
  C:2831H         PUBLIC        check_Options
  C:3108H         PUBLIC        change_RulerVMax
  C:3B89H         PUBLIC        change_OptionInSettings
  C:1E82H         PUBLIC        Save_Options
  C:3BEBH         PUBLIC        change_OLED_Brightness
  C:3E74H         PUBLIC        change_PlotMode
  C:3B57H         PUBLIC        change_OptionInChart
  C:3D0AH         PUBLIC        change_ScaleH
  -------         PROC          CHECK_MINTIMEINTERVAL
  C:3AEFH         LINE#         33
  C:3AEFH         LINE#         34
  C:3AEFH         LINE#         35
  C:3AF5H         LINE#         36
  C:3AF5H         LINE#         37
  C:3B09H         LINE#         38
  C:3B0CH         LINE#         39
  C:3B0DH         LINE#         41
  C:3B0DH         LINE#         42
  C:3B21H         LINE#         43
  C:3B24H         LINE#         44
  C:3B24H         LINE#         45
  -------         ENDPROC       CHECK_MINTIMEINTERVAL
  -------         PROC          CHANGE_SCALEH
  B:0023H.4       SYMBOL        i
  C:3D0AH         LINE#         47
  C:3D0AH         LINE#         48
  C:3D0AH         LINE#         49
BL51 BANKED LINKER/LOCATER V6.22.2.0                                                  05/13/2022  15:21:06  PAGE 26


  C:3D0DH         LINE#         50
  C:3D0DH         LINE#         51
  C:3D13H         LINE#         52
  C:3D16H         LINE#         53
  C:3D16H         LINE#         55
  C:3D16H         LINE#         56
  C:3D1CH         LINE#         58
  C:3D27H         LINE#         59
  C:3D29H         LINE#         60
  C:3D29H         LINE#         61
  -------         ENDPROC       CHANGE_SCALEH
  -------         PROC          CHANGE_TRIGGERVALUE
  B:0023H.4       SYMBOL        i
  C:345FH         LINE#         63
  C:345FH         LINE#         64
  C:345FH         LINE#         65
  C:3462H         LINE#         66
  C:3462H         LINE#         67
  C:3473H         LINE#         68
  C:3481H         LINE#         70
  C:348FH         LINE#         72
  C:34A0H         LINE#         73
  C:34A7H         LINE#         74
  C:34A8H         LINE#         76
  C:34A8H         LINE#         77
  C:34B9H         LINE#         78
  C:34C7H         LINE#         80
  C:34D5H         LINE#         82
  C:34E0H         LINE#         83
  C:34E4H         LINE#         84
  C:34E4H         LINE#         85
  -------         ENDPROC       CHANGE_TRIGGERVALUE
  -------         PROC          CHANGE_LSB
  B:0023H.4       SYMBOL        i
  C:38DFH         LINE#         87
  C:38DFH         LINE#         88
  C:38DFH         LINE#         89
  C:38E2H         LINE#         90
  C:38E2H         LINE#         91
  C:38F0H         LINE#         93
  C:38FFH         LINE#         94
  C:3906H         LINE#         95
  C:3907H         LINE#         97
  C:3907H         LINE#         98
  C:3915H         LINE#         100
  C:3922H         LINE#         101
  C:3928H         LINE#         102
  C:3928H         LINE#         103
  -------         ENDPROC       CHANGE_LSB
  -------         PROC          CHANGE_PLOTMODE
  C:3E74H         LINE#         105
  C:3E74H         LINE#         106
  C:3E74H         LINE#         107
  C:3E76H         LINE#         108
  -------         ENDPROC       CHANGE_PLOTMODE
  -------         PROC          CHANGE_TRIMODE
  B:0023H.4       SYMBOL        i
BL51 BANKED LINKER/LOCATER V6.22.2.0                                                  05/13/2022  15:21:06  PAGE 27


  C:3B25H         LINE#         110
  C:3B25H         LINE#         111
  C:3B25H         LINE#         112
  C:3B28H         LINE#         113
  C:3B28H         LINE#         114
  C:3B2EH         LINE#         116
  C:3B3FH         LINE#         117
  C:3B41H         LINE#         118
  C:3B42H         LINE#         120
  C:3B42H         LINE#         121
  C:3B48H         LINE#         123
  C:3B53H         LINE#         124
  C:3B56H         LINE#         125
  C:3B56H         LINE#         126
  -------         ENDPROC       CHANGE_TRIMODE
  -------         PROC          CHANGE_TRIPOSOFFSET
  B:0023H.4       SYMBOL        i
  C:3774H         LINE#         128
  C:3774H         LINE#         129
  C:3774H         LINE#         130
  C:3777H         LINE#         131
  C:3777H         LINE#         132
  C:377DH         LINE#         133
  C:379FH         LINE#         134
  C:37A4H         LINE#         135
  C:37A5H         LINE#         137
  C:37A5H         LINE#         138
  C:37ABH         LINE#         139
  C:37CDH         LINE#         140
  C:37D1H         LINE#         141
  C:37D1H         LINE#         142
  -------         ENDPROC       CHANGE_TRIPOSOFFSET
  -------         PROC          CHANGE_OPTIONINCHART
  B:0023H.4       SYMBOL        i
  C:3B57H         LINE#         144
  C:3B57H         LINE#         145
  C:3B57H         LINE#         146
  C:3B5AH         LINE#         147
  C:3B5AH         LINE#         148
  C:3B60H         LINE#         150
  C:3B71H         LINE#         151
  C:3B73H         LINE#         152
  C:3B74H         LINE#         154
  C:3B74H         LINE#         155
  C:3B7AH         LINE#         157
  C:3B85H         LINE#         158
  C:3B88H         LINE#         159
  C:3B88H         LINE#         160
  -------         ENDPROC       CHANGE_OPTIONINCHART
  -------         PROC          CHANGE_OPTIONINSETTINGS
  B:0023H.4       SYMBOL        i
  C:3B89H         LINE#         162
  C:3B89H         LINE#         163
  C:3B89H         LINE#         164
  C:3B8CH         LINE#         165
  C:3B8CH         LINE#         166
  C:3B92H         LINE#         167
BL51 BANKED LINKER/LOCATER V6.22.2.0                                                  05/13/2022  15:21:06  PAGE 28


  C:3BA3H         LINE#         168
  C:3BA5H         LINE#         169
  C:3BA6H         LINE#         171
  C:3BA6H         LINE#         172
  C:3BACH         LINE#         173
  C:3BB7H         LINE#         174
  C:3BBAH         LINE#         175
  C:3BBAH         LINE#         176
  -------         ENDPROC       CHANGE_OPTIONINSETTINGS
  -------         PROC          CHANGE_RULERVMAX
  B:0023H.4       SYMBOL        i
  C:3108H         LINE#         178
  C:3108H         LINE#         179
  C:3108H         LINE#         180
  C:310BH         LINE#         181
  C:310BH         LINE#         182
  C:311CH         LINE#         183
  C:311CH         LINE#         184
  C:3128H         LINE#         186
  C:312AH         LINE#         188
  C:312AH         LINE#         189
  C:3138H         LINE#         191
  C:3138H         LINE#         193
  C:3153H         LINE#         194
  C:3155H         LINE#         195
  C:3156H         LINE#         197
  C:3156H         LINE#         198
  C:3158H         LINE#         199
  C:3169H         LINE#         200
  C:3169H         LINE#         201
  C:3175H         LINE#         203
  C:3177H         LINE#         205
  C:3177H         LINE#         206
  C:3185H         LINE#         208
  C:3185H         LINE#         210
  C:3196H         LINE#         211
  C:319DH         LINE#         215
  C:319DH         LINE#         216
  -------         ENDPROC       CHANGE_RULERVMAX
  -------         PROC          CHANGE_RULERV
  B:0023H.4       SYMBOL        i
  C:334DH         LINE#         218
  C:334DH         LINE#         219
  C:334DH         LINE#         220
  C:334FH         LINE#         221
  C:3352H         LINE#         222
  C:3352H         LINE#         223
  C:3360H         LINE#         224
  C:336EH         LINE#         225
  C:337DH         LINE#         226
  C:337DH         LINE#         227
  C:338BH         LINE#         228
  C:3392H         LINE#         229
  C:3392H         LINE#         230
  C:3393H         LINE#         232
  C:3393H         LINE#         233
  C:33A1H         LINE#         234
BL51 BANKED LINKER/LOCATER V6.22.2.0                                                  05/13/2022  15:21:06  PAGE 29


  C:33AFH         LINE#         235
  C:33C0H         LINE#         236
  C:33C0H         LINE#         237
  C:33C7H         LINE#         238
  C:33D5H         LINE#         239
  C:33D5H         LINE#         240
  C:33D5H         LINE#         241
  -------         ENDPROC       CHANGE_RULERV
  -------         PROC          CHANGE_OLED_BRIGHTNESS
  B:0023H.4       SYMBOL        i
  C:3BEBH         LINE#         243
  C:3BEBH         LINE#         244
  C:3BEBH         LINE#         245
  C:3BEEH         LINE#         246
  C:3BEEH         LINE#         247
  C:3BF4H         LINE#         248
  C:3BFEH         LINE#         249
  C:3C01H         LINE#         250
  C:3C03H         LINE#         252
  C:3C03H         LINE#         253
  C:3C09H         LINE#         254
  C:3C13H         LINE#         255
  C:3C16H         LINE#         256
  C:3C16H         LINE#         257
  C:3C18H         LINE#         258
  -------         ENDPROC       CHANGE_OLED_BRIGHTNESS
  -------         PROC          CHANGE_VAL
  B:0023H.3       SYMBOL        i
  C:293EH         LINE#         260
  C:293EH         LINE#         261
  C:293EH         LINE#         264
  C:2941H         LINE#         265
  C:2941H         LINE#         268
  C:2944H         LINE#         269
  C:2944H         LINE#         270
  C:294BH         LINE#         271
  C:294BH         LINE#         275
  C:294EH         LINE#         276
  C:294EH         LINE#         277
  C:2955H         LINE#         278
  C:2957H         LINE#         279
  C:2958H         LINE#         284
  C:2958H         LINE#         285
  C:295FH         LINE#         288
  C:2961H         LINE#         289
  C:2961H         LINE#         290
  C:2962H         LINE#         294
  C:2965H         LINE#         295
  C:2965H         LINE#         298
  C:2972H         LINE#         299
  C:2977H         LINE#         303
  C:297DH         LINE#         304
  C:2986H         LINE#         308
  C:298CH         LINE#         309
  C:2993H         LINE#         313
  C:2995H         LINE#         314
  C:2996H         LINE#         318
BL51 BANKED LINKER/LOCATER V6.22.2.0                                                  05/13/2022  15:21:06  PAGE 30


  C:2999H         LINE#         319
  C:2999H         LINE#         320
  C:29A0H         LINE#         321
  C:29A2H         LINE#         322
  C:29A3H         LINE#         327
  C:29A3H         LINE#         330
  C:29B1H         LINE#         331
  C:29B1H         LINE#         332
  C:29B8H         LINE#         333
  C:29BAH         LINE#         334
  C:29BCH         LINE#         335
  C:29C3H         LINE#         336
  C:29CDH         LINE#         337
  C:29CFH         LINE#         341
  C:29D5H         LINE#         342
  C:29D5H         LINE#         343
  C:29DCH         LINE#         344
  C:29DEH         LINE#         345
  C:29E0H         LINE#         346
  C:29E2H         LINE#         350
  C:29EEH         LINE#         351
  C:29EEH         LINE#         352
  C:29F5H         LINE#         353
  C:29F5H         LINE#         354
  C:29F5H         LINE#         355
  C:29F7H         LINE#         359
  C:29FDH         LINE#         360
  C:29FDH         LINE#         361
  C:29FFH         LINE#         362
  C:2A01H         LINE#         363
  C:2A03H         LINE#         364
  C:2A03H         LINE#         368
  C:2A12H         LINE#         369
  C:2A12H         LINE#         370
  C:2A19H         LINE#         371
  C:2A1CH         LINE#         372
  C:2A1EH         LINE#         373
  C:2A20H         LINE#         374
  C:2A27H         LINE#         375
  C:2A31H         LINE#         376
  C:2A31H         LINE#         380
  C:2A33H         LINE#         381
  C:2A33H         LINE#         382
  -------         ENDPROC       CHANGE_VAL
  -------         PROC          CHECK_OPTIONS
  C:2831H         LINE#         384
  C:2831H         LINE#         385
  C:2831H         LINE#         386
  C:284AH         LINE#         387
  C:2854H         LINE#         389
  C:2870H         LINE#         390
  C:2875H         LINE#         392
  C:288EH         LINE#         393
  C:2895H         LINE#         395
  C:28AEH         LINE#         396
  C:28B5H         LINE#         398
  C:28D0H         LINE#         399
BL51 BANKED LINKER/LOCATER V6.22.2.0                                                  05/13/2022  15:21:06  PAGE 31


  C:28D0H         LINE#         400
  C:28D5H         LINE#         401
  C:28D7H         LINE#         402
  C:28D7H         LINE#         404
  C:28F0H         LINE#         405
  C:28FAH         LINE#         407
  C:2916H         LINE#         408
  C:291BH         LINE#         410
  C:2935H         LINE#         411
  C:293BH         LINE#         413
  -------         ENDPROC       CHECK_OPTIONS
  -------         PROC          SAVE_OPTIONS
  -------         DO            
  X:0987H         SYMBOL        ops
  X:0996H         SYMBOL        p
  -------         ENDDO         
  C:1E82H         LINE#         416
  C:1E82H         LINE#         417
  C:1E82H         LINE#         420
  C:1E85H         LINE#         421
  C:1E93H         LINE#         422
  C:1EACH         LINE#         423
  C:1EC6H         LINE#         424
  C:1EDFH         LINE#         425
  C:1EF8H         LINE#         426
  C:1F11H         LINE#         427
  C:1F2AH         LINE#         428
  C:1F44H         LINE#         429
  C:1F5DH         LINE#         430
  C:1F77H         LINE#         431
  C:1F90H         LINE#         432
  C:1FAAH         LINE#         433
  C:1FC3H         LINE#         434
  C:1FDCH         LINE#         435
  C:1FF5H         LINE#         436
  C:2009H         LINE#         450
  -------         ENDPROC       SAVE_OPTIONS
  -------         PROC          READ_OPTIONS
  -------         DO            
  X:0987H         SYMBOL        ops
  X:0996H         SYMBOL        p
  -------         ENDDO         
  C:1CBCH         LINE#         453
  C:1CBCH         LINE#         454
  C:1CBCH         LINE#         457
  C:1CCAH         LINE#         459
  C:1CDBH         LINE#         460
  C:1CF7H         LINE#         461
  C:1D00H         LINE#         462
  C:1D1DH         LINE#         463
  C:1D34H         LINE#         464
  C:1D4BH         LINE#         465
  C:1D62H         LINE#         466
  C:1D7EH         LINE#         467
  C:1D87H         LINE#         468
  C:1DA4H         LINE#         469
  C:1DC0H         LINE#         470
BL51 BANKED LINKER/LOCATER V6.22.2.0                                                  05/13/2022  15:21:06  PAGE 32


  C:1DC9H         LINE#         471
  C:1DE6H         LINE#         472
  C:1E02H         LINE#         473
  C:1E0BH         LINE#         474
  C:1E28H         LINE#         475
  C:1E3FH         LINE#         476
  C:1E56H         LINE#         477
  C:1E6DH         LINE#         478
  C:1E7FH         LINE#         480
  -------         ENDPROC       READ_OPTIONS
  -------         ENDMOD        SETTINGS

  -------         MODULE        SSD1306
  C:0000H         SYMBOL        _ICE_DUMMY_
  B:00A0H.3       PUBLIC        OLED_RST
  D:0080H         PUBLIC        P0
  D:0090H         PUBLIC        P1
  D:00A0H         PUBLIC        P2
  D:00B0H         PUBLIC        P3
  D:00C0H         PUBLIC        P4
  C:12E6H         PUBLIC        CHS_16x16
  C:2337H         PUBLIC        _OLED_Draw_Byte
  B:00A0H.2       PUBLIC        OLED_DC
  C:33D6H         PUBLIC        _OLED_DrawString
  C:24A6H         PUBLIC        _OLED_DrawChar
  C:2FD2H         PUBLIC        _OLED_DrawPixel
  C:306EH         PUBLIC        OLED_Init
  B:0080H.1       PUBLIC        OLED_CS
  X:0000H         PUBLIC        _buf
  C:21A5H         PUBLIC        _OLED_DrawLine
  C:10B2H         PUBLIC        F6x8
  B:00A0H.5       PUBLIC        OLED_SCLK
  B:00A0H.4       PUBLIC        OLED_SDIN
  C:3C4BH         PUBLIC        _OLED_Write_Command
  C:3564H         PUBLIC        _OLED_DrwCHS_16x16
  B:0023H.5       PUBLIC        _OLED_Overlap
  B:0023H.6       PUBLIC        _OLED_Reverse
  C:3E52H         PUBLIC        _OLED_Set_Pos
  C:2B22H         PUBLIC        _OLED_DrawNum
  C:0003H         PUBLIC        _OLED_SetFontWidth
  X:0400H         SYMBOL        _x
  X:0401H         SYMBOL        _y
  X:0402H         SYMBOL        _Font_Width
  C:3929H         PUBLIC        _oled_pow
  C:3972H         PUBLIC        OLED_Display
  C:3E6FH         PUBLIC        OLED_Overlap
  C:3E6AH         PUBLIC        OLED_Reverse
  C:2E7EH         PUBLIC        _OLED_DrawHLine
  C:3DB2H         PUBLIC        OLED_Clear
  C:3C73H         PUBLIC        _OLED_Write_Data
  C:1ACBH         PUBLIC        _OLED_DrawBMP
  C:2DCAH         PUBLIC        _OLED_DrawVLine
  C:3C46H         SYMBOL        L?0154
  -------         PROC          L?0153
  -------         ENDPROC       L?0153
  C:3C46H         SYMBOL        L?0154
  -------         PROC          _OLED_WRITE_COMMAND
BL51 BANKED LINKER/LOCATER V6.22.2.0                                                  05/13/2022  15:21:06  PAGE 33


  D:0007H         SYMBOL        dat
  -------         DO            
  D:0006H         SYMBOL        i
  -------         ENDDO         
  C:3C4BH         LINE#         81
  C:3C4BH         LINE#         82
  C:3C4BH         LINE#         84
  C:3C4DH         LINE#         85
  C:3C4FH         LINE#         87
  C:3C5BH         LINE#         88
  C:3C5BH         LINE#         89
  C:3C5DH         LINE#         91
  C:3C61H         LINE#         92
  C:3C61H         LINE#         93
  C:3C63H         LINE#         94
  C:3C65H         LINE#         96
  C:3C67H         LINE#         98
  C:3C69H         LINE#         99
  C:3C6DH         LINE#         100
  C:3C70H         LINE#         102
  C:3C72H         LINE#         104
  -------         ENDPROC       _OLED_WRITE_COMMAND
  -------         PROC          _OLED_WRITE_DATA
  D:0007H         SYMBOL        dat
  -------         DO            
  D:0006H         SYMBOL        i
  -------         ENDDO         
  C:3C73H         LINE#         108
  C:3C73H         LINE#         109
  C:3C73H         LINE#         111
  C:3C75H         LINE#         112
  C:3C77H         LINE#         114
  C:3C83H         LINE#         115
  C:3C83H         LINE#         116
  C:3C85H         LINE#         118
  C:3C89H         LINE#         119
  C:3C89H         LINE#         120
  C:3C8BH         LINE#         121
  C:3C8DH         LINE#         123
  C:3C8FH         LINE#         125
  C:3C91H         LINE#         126
  C:3C95H         LINE#         127
  C:3C98H         LINE#         129
  C:3C9AH         LINE#         131
  -------         ENDPROC       _OLED_WRITE_DATA
  -------         PROC          OLED_REVERSE
  B:0022H.7       SYMBOL        i
  C:3E6AH         LINE#         135
  C:3E6AH         LINE#         136
  C:3E6AH         LINE#         137
  C:3E6EH         LINE#         138
  -------         ENDPROC       OLED_REVERSE
  -------         PROC          OLED_OVERLAP
  B:0023H.0       SYMBOL        i
  C:3E6FH         LINE#         142
  C:3E6FH         LINE#         143
  C:3E6FH         LINE#         144
BL51 BANKED LINKER/LOCATER V6.22.2.0                                                  05/13/2022  15:21:06  PAGE 34


  C:3E73H         LINE#         145
  -------         ENDPROC       OLED_OVERLAP
  -------         PROC          _OLED_SETFONTWIDTH
  D:0007H         SYMBOL        w
  C:0003H         LINE#         149
  C:0003H         LINE#         150
  C:0003H         LINE#         151
  C:0008H         LINE#         152
  -------         ENDPROC       _OLED_SETFONTWIDTH
  -------         PROC          _OLED_SET_POS
  D:0007H         SYMBOL        x
  D:0005H         SYMBOL        y
  C:3E52H         LINE#         156
  C:3E52H         LINE#         157
  C:3E52H         LINE#         158
  C:3E57H         LINE#         159
  C:3E5AH         LINE#         160
  -------         ENDPROC       _OLED_SET_POS
  -------         PROC          OLED_CLEAR
  C:3DB2H         LINE#         164
  C:3DB2H         LINE#         165
  C:3DB2H         LINE#         166
  -------         ENDPROC       OLED_CLEAR
  -------         PROC          L?0155
  -------         ENDPROC       L?0155
  -------         PROC          _OLED_DRAW_BYTE
  X:0999H         SYMBOL        pBuf
  D:0005H         SYMBOL        mask
  X:099DH         SYMBOL        offset
  B:0023H.0       SYMBOL        reserve_hl
  C:2337H         LINE#         180
  C:2342H         LINE#         181
  C:2342H         LINE#         182
  C:2345H         LINE#         183
  C:2345H         LINE#         184
  C:2353H         LINE#         185
  C:235BH         LINE#         187
  C:235FH         LINE#         188
  C:2362H         LINE#         190
  C:2362H         LINE#         191
  C:2368H         LINE#         192
  C:2368H         LINE#         195
  C:236BH         LINE#         196
  C:236BH         LINE#         197
  C:2396H         LINE#         198
  C:23B9H         LINE#         199
  C:23BCH         LINE#         203
  C:23BCH         LINE#         204
  C:23E7H         LINE#         205
  C:240AH         LINE#         206
  C:240AH         LINE#         207
  C:240DH         LINE#         209
  C:240DH         LINE#         212
  C:2410H         LINE#         213
  C:2410H         LINE#         214
  C:2438H         LINE#         215
  C:2458H         LINE#         216
BL51 BANKED LINKER/LOCATER V6.22.2.0                                                  05/13/2022  15:21:06  PAGE 35


  C:245AH         LINE#         220
  C:245AH         LINE#         221
  C:2482H         LINE#         222
  C:24A5H         LINE#         223
  C:24A5H         LINE#         224
  C:24A5H         LINE#         225
  C:24A5H         LINE#         226
  -------         ENDPROC       _OLED_DRAW_BYTE
[...]
  C:0C30H         LINE#         379
  C:0C33H         LINE#         380
  C:0C4DH         LINE#         381
  C:0C4DH         LINE#         382
  C:0C6BH         LINE#         383
  C:0C92H         LINE#         384
  C:0CAFH         LINE#         385
  C:0CAFH         LINE#         386
  C:0CB2H         LINE#         387
  C:0CCCH         LINE#         388
  C:0CCCH         LINE#         389
  C:0CEAH         LINE#         390
  C:0D07H         LINE#         391
  C:0D07H         LINE#         392
  C:0D09H         LINE#         393
  C:0D23H         LINE#         394
  C:0D23H         LINE#         395
  C:0D41H         LINE#         396
BL51 BANKED LINKER/LOCATER V6.22.2.0                                                  05/13/2022  15:21:06  PAGE 51


  C:0D44H         LINE#         397
  C:0D44H         LINE#         398
  C:0D4AH         LINE#         399
  -------         ENDPROC       C_WAVEFREQ_STR
  -------         PROC          _REMAP
  X:0991H         SYMBOL        val
  X:0993H         SYMBOL        rangeMax
  X:0995H         SYMBOL        rangeMin
  X:0997H         SYMBOL        rangeMaxNew
  X:0999H         SYMBOL        rangeMinNew
  C:2F29H         LINE#         403
  C:2F3DH         LINE#         404
  C:2F3DH         LINE#         405
  C:2F53H         LINE#         406
  C:2F55H         LINE#         407
  C:2F64H         LINE#         408
  C:2F6CH         LINE#         410
  C:2FD1H         LINE#         411
  C:2FD1H         LINE#         412
  -------         ENDPROC       _REMAP
  -------         PROC          L?0222
  -------         ENDPROC       L?0222
  -------         PROC          _GETTRIGGERPOS
  X:0A09H         SYMBOL        d1
  X:0A0BH         SYMBOL        d2
  D:0002H         SYMBOL        dTrigger
  B:0023H.2       SYMBOL        triSlope
  C:351AH         LINE#         416
  C:3528H         LINE#         417
  C:3528H         LINE#         420
  C:352BH         LINE#         421
  C:352BH         LINE#         422
  C:3545H         LINE#         423
  C:3545H         LINE#         424
  C:3547H         LINE#         425
  C:3547H         LINE#         426
  C:3547H         LINE#         431
  C:3547H         LINE#         432
  C:3561H         LINE#         433
  C:3561H         LINE#         434
  C:3562H         LINE#         435
  C:3562H         LINE#         436
  C:3562H         LINE#         438
  C:3563H         LINE#         439
  -------         ENDPROC       _GETTRIGGERPOS
  -------         PROC          ANALYSEDATA
  -------         DO            
  X:0987H         SYMBOL        i
  D:0006H         SYMBOL        tmp
  X:0989H         SYMBOL        adcMax
  X:098BH         SYMBOL        adcMin
  X:098DH         SYMBOL        adcMid
  X:098FH         SYMBOL        plotADCMid
  -------         ENDDO         
  C:0D4BH         LINE#         443
  C:0D4BH         LINE#         444
  C:0D4BH         LINE#         447
BL51 BANKED LINKER/LOCATER V6.22.2.0                                                  05/13/2022  15:21:06  PAGE 52


  C:0D52H         LINE#         448
  C:0D5AH         LINE#         449
  C:0D5FH         LINE#         450
  C:0D63H         LINE#         451
  C:0D69H         LINE#         452
  C:0D69H         LINE#         453
  C:0D71H         LINE#         456
  C:0D8AH         LINE#         457
  C:0D8AH         LINE#         458
  C:0DB4H         LINE#         459
  C:0DC4H         LINE#         463
  C:0DCAH         LINE#         464
  C:0DCCH         LINE#         465
  C:0DE7H         LINE#         466
  C:0DE7H         LINE#         467
  C:0E1DH         LINE#         468
  C:0E1DH         LINE#         469
  C:0E26H         LINE#         470
  C:0E28H         LINE#         471
  C:0E2AH         LINE#         472
  C:0E2AH         LINE#         473
  C:0E3AH         LINE#         474
  C:0E3FH         LINE#         475
  C:0E3FH         LINE#         479
  C:0E46H         LINE#         480
  C:0E46H         LINE#         481
  C:0E96H         LINE#         482
  C:0EA3H         LINE#         483
  C:0EA5H         LINE#         484
  C:0EB2H         LINE#         485
  C:0EB7H         LINE#         486
  C:0ED4H         LINE#         489
  C:0F06H         LINE#         490
  C:0F38H         LINE#         493
  C:0F3BH         LINE#         496
  C:0F6DH         LINE#         497
  C:0FA1H         LINE#         503
  C:0FC2H         LINE#         504
  C:0FDBH         LINE#         505
  C:1020H         LINE#         506
  C:1020H         LINE#         507
  C:1023H         LINE#         508
  C:1025H         LINE#         510
  C:1025H         LINE#         511
  C:102FH         LINE#         512
  C:102FH         LINE#         515
  C:1048H         LINE#         516
  C:1048H         LINE#         517
  C:10A1H         LINE#         518
  C:10B1H         LINE#         519
  -------         ENDPROC       ANALYSEDATA
  -------         PROC          PLOTCHART
  -------         DO            
  X:0987H         SYMBOL        i
  X:0988H         SYMBOL        s
  -------         ENDDO         
  C:057DH         LINE#         523
BL51 BANKED LINKER/LOCATER V6.22.2.0                                                  05/13/2022  15:21:06  PAGE 53


  C:057DH         LINE#         524
  C:057DH         LINE#         528
  C:0583H         LINE#         529
  C:0583H         LINE#         530
  C:0585H         LINE#         531
  C:0588H         LINE#         537
  C:0591H         LINE#         538
  C:059AH         LINE#         539
  C:05A3H         LINE#         540
  C:05ACH         LINE#         541
  C:05B5H         LINE#         542
  C:05BEH         LINE#         543
  C:05C7H         LINE#         544
  C:05D0H         LINE#         545
  C:05D9H         LINE#         546
  C:05E2H         LINE#         547
  C:05EBH         LINE#         548
  C:05F4H         LINE#         552
  C:0607H         LINE#         553
  C:0607H         LINE#         554
  C:0616H         LINE#         555
  C:061EH         LINE#         556
  C:0631H         LINE#         557
  C:0631H         LINE#         558
  C:0640H         LINE#         559
  C:0652H         LINE#         560
  C:0664H         LINE#         561
  C:066CH         LINE#         565
  C:0675H         LINE#         566
  C:067EH         LINE#         567
  C:0687H         LINE#         568
  C:06B2H         LINE#         572
  C:06B9H         LINE#         573
  C:06CAH         LINE#         574
  C:06CDH         LINE#         575
  C:06D6H         LINE#         576
  C:06E7H         LINE#         577
  C:06EAH         LINE#         578
  C:06F3H         LINE#         579
  C:06F3H         LINE#         581
  C:06F8H         LINE#         585
  C:06FFH         LINE#         586
  C:0708H         LINE#         587
  C:070FH         LINE#         588
  C:071DH         LINE#         589
  C:0720H         LINE#         590
  C:0729H         LINE#         594
  C:072FH         LINE#         595
  C:072FH         LINE#         596
  C:0732H         LINE#         597
  C:0738H         LINE#         598
  C:073AH         LINE#         600
  C:073AH         LINE#         601
  C:073DH         LINE#         602
  C:0746H         LINE#         603
  C:0746H         LINE#         607
  C:074DH         LINE#         608
BL51 BANKED LINKER/LOCATER V6.22.2.0                                                  05/13/2022  15:21:06  PAGE 54


  C:075FH         LINE#         609
  C:075FH         LINE#         610
  C:0767H         LINE#         611
  C:0769H         LINE#         612
  C:076BH         LINE#         614
  C:076BH         LINE#         615
  C:0770H         LINE#         616
  C:0779H         LINE#         617
  C:077EH         LINE#         618
  C:077EH         LINE#         619
  C:078FH         LINE#         620
  C:0798H         LINE#         621
  C:07A6H         LINE#         622
  C:07AFH         LINE#         623
  C:07B4H         LINE#         627
  C:07C6H         LINE#         628
  C:07C6H         LINE#         629
  C:07CEH         LINE#         630
  C:07D7H         LINE#         631
  C:07D9H         LINE#         632
  C:07DBH         LINE#         634
  C:07DBH         LINE#         635
  C:07E0H         LINE#         636
  C:07E9H         LINE#         637
  C:07F2H         LINE#         638
  C:07F7H         LINE#         639
  C:07F7H         LINE#         640
  C:07FAH         LINE#         641
  C:07FAH         LINE#         642
  C:07FCH         LINE#         643
  C:07FEH         LINE#         645
  C:07FEH         LINE#         646
  C:0807H         LINE#         647
  C:0807H         LINE#         648
  C:080CH         LINE#         652
  C:081EH         LINE#         653
  C:081EH         LINE#         654
  C:0826H         LINE#         655
  C:0828H         LINE#         656
  C:082AH         LINE#         658
  C:082AH         LINE#         659
  C:082FH         LINE#         660
  C:0838H         LINE#         661
  C:083DH         LINE#         662
  C:083DH         LINE#         663
  C:0844H         LINE#         664
  C:0851H         LINE#         665
  C:0851H         LINE#         666
  C:0857H         LINE#         667
  C:0859H         LINE#         668
  C:0868H         LINE#         669
  C:0868H         LINE#         670
  C:086EH         LINE#         671
  C:0870H         LINE#         672
  C:087FH         LINE#         673
  C:087FH         LINE#         674
  C:0888H         LINE#         675
BL51 BANKED LINKER/LOCATER V6.22.2.0                                                  05/13/2022  15:21:06  PAGE 55


  C:0888H         LINE#         676
  C:088DH         LINE#         680
  C:0890H         LINE#         681
  C:0890H         LINE#         682
  C:0897H         LINE#         683
  C:08A0H         LINE#         684
  C:08A0H         LINE#         692
  C:08A7H         LINE#         693
  C:08A7H         LINE#         694
  C:08AAH         LINE#         695
  C:08B0H         LINE#         696
  C:08B2H         LINE#         698
  C:08B2H         LINE#         699
  C:08B5H         LINE#         700
  C:08BEH         LINE#         701
  C:08BEH         LINE#         705
  C:08C5H         LINE#         706
  C:08CEH         LINE#         707
  C:08DEH         LINE#         708
  C:08DEH         LINE#         709
  C:08E3H         LINE#         710
  C:08E3H         LINE#         711
  C:08EAH         LINE#         712
  C:0910H         LINE#         713
  C:0915H         LINE#         717
  C:091CH         LINE#         718
  C:0925H         LINE#         719
  C:0937H         LINE#         720
  C:0937H         LINE#         721
  C:093CH         LINE#         722
  C:093CH         LINE#         723
  C:094DH         LINE#         724
  C:0954H         LINE#         725
  C:0962H         LINE#         726
  C:0967H         LINE#         727
  C:0978H         LINE#         728
  C:097FH         LINE#         729
  C:098DH         LINE#         731
  -------         ENDPROC       PLOTCHART
  -------         PROC          PLOTWAVE
  -------         DO            
  X:0987H         SYMBOL        i
  -------         ENDDO         
  C:2C0BH         LINE#         736
  C:2C0BH         LINE#         737
  C:2C0BH         LINE#         740
  C:2C11H         LINE#         741
  C:2C11H         LINE#         742
  C:2C24H         LINE#         743
  C:2C24H         LINE#         744
  C:2C93H         LINE#         749
  C:2C9CH         LINE#         750
  C:2C9CH         LINE#         752
  C:2C9FH         LINE#         753
  C:2C9FH         LINE#         754
  C:2CB1H         LINE#         755
  C:2CB1H         LINE#         756
BL51 BANKED LINKER/LOCATER V6.22.2.0                                                  05/13/2022  15:21:06  PAGE 56


  C:2CEBH         LINE#         757
  C:2CF3H         LINE#         758
  C:2CF3H         LINE#         759
  -------         ENDPROC       PLOTWAVE
  -------         PROC          PLOTSETTINGS
  C:2014H         LINE#         763
  C:2014H         LINE#         764
  C:2014H         LINE#         765
  C:2017H         LINE#         766
  C:2017H         LINE#         767
  C:2019H         LINE#         768
  C:201CH         LINE#         771
  C:203EH         LINE#         774
  C:2045H         LINE#         775
  C:204EH         LINE#         778
  C:2055H         LINE#         779
  C:205EH         LINE#         780
  C:2065H         LINE#         781
  C:206AH         LINE#         782
  C:206FH         LINE#         783
  C:2074H         LINE#         784
  C:2079H         LINE#         785
  C:207EH         LINE#         786
  C:207EH         LINE#         788
  C:2083H         LINE#         793
  C:2089H         LINE#         794
  C:2092H         LINE#         795
  C:20B2H         LINE#         798
  C:20B9H         LINE#         799
  C:20C2H         LINE#         800
  C:20CBH         LINE#         801
  C:20D2H         LINE#         802
  C:20E6H         LINE#         805
  C:20EDH         LINE#         806
  C:20F6H         LINE#         807
  C:20FFH         LINE#         808
  C:2106H         LINE#         809
  C:2118H         LINE#         812
  C:211FH         LINE#         813
  C:2128H         LINE#         814
  C:2131H         LINE#         815
  C:213AH         LINE#         820
  C:2147H         LINE#         821
  C:2147H         LINE#         822
  C:214FH         LINE#         823
  C:2151H         LINE#         824
  C:2151H         LINE#         825
  C:2153H         LINE#         827
  C:2162H         LINE#         828
  C:2162H         LINE#         829
  C:216AH         LINE#         830
  C:2173H         LINE#         831
  C:2175H         LINE#         832
  C:2177H         LINE#         834
  C:2186H         LINE#         835
  C:2186H         LINE#         836
  C:218EH         LINE#         837
BL51 BANKED LINKER/LOCATER V6.22.2.0                                                  05/13/2022  15:21:06  PAGE 57


  C:2197H         LINE#         838
  C:21A0H         LINE#         839
  C:21A0H         LINE#         841
  -------         ENDPROC       PLOTSETTINGS
  -------         PROC          PLOTSAVESTATUS
  B:0022H.7       SYMBOL        _saveStatus
  C:3CE7H         LINE#         846
  C:3CE7H         LINE#         847
  C:3CE7H         LINE#         848
  C:3CEEH         LINE#         849
  C:3CF3H         LINE#         850
  C:3CF8H         LINE#         851
  C:3CF8H         LINE#         852
  C:3CFCH         LINE#         853
  C:3CFEH         LINE#         855
  C:3CFEH         LINE#         856
  C:3D05H         LINE#         857
  C:3D05H         LINE#         858
  -------         ENDPROC       PLOTSAVESTATUS
  -------         ENDMOD        CHART

  -------         MODULE        GLOBAL
  C:0000H         SYMBOL        _ICE_DUMMY_
  B:0020H.0       PUBLIC        ClearWave
  B:0020H.1       PUBLIC        EC11PressAndRotate
  X:0403H         PUBLIC        ADCbuf
  B:0020H.2       PUBLIC        ADCComplete
  B:0020H.3       PUBLIC        WaveScroll
  X:05BBH         PUBLIC        RulerVMin
  X:05BDH         PUBLIC        RulerVMax
  X:05BFH         PUBLIC        OptionInSettings
  B:0020H.4       PUBLIC        InSettings
  X:05C0H         PUBLIC        ADCbg
  B:0020H.5       PUBLIC        ADCInterrupt
  X:05C2H         PUBLIC        TriggerADC
  X:05C4H         PUBLIC        Lsb
  X:05C6H         PUBLIC        OLED_Brightness
  X:05C7H         PUBLIC        WaveFreq
  B:0020H.6       PUBLIC        PlotMode
  X:05CBH         PUBLIC        OptionInChart
  B:0020H.7       PUBLIC        OptionChanged
  X:05CCH         PUBLIC        TriLevel
  B:0021H.0       PUBLIC        TriFail
  B:0021H.1       PUBLIC        ADCRunning
  X:05CEH         PUBLIC        ScaleH
  X:05CFH         PUBLIC        WaveLengthSum
  B:0021H.2       PUBLIC        TriSlope
  X:05D3H         PUBLIC        TriMode
  B:0021H.3       PUBLIC        ScaleV_Auto
  B:0021H.4       PUBLIC        DisplayUpdate
  B:0021H.5       PUBLIC        ClearDisplay
  X:05D4H         PUBLIC        TriPosOffset
  B:0021H.6       PUBLIC        OLED_BrightnessChanged
  X:05D5H         PUBLIC        BGV
  X:05D7H         PUBLIC        TriPos
  X:05D8H         PUBLIC        WaveLengthSumNum
  X:05DAH         PUBLIC        ScaleH_tmp
BL51 BANKED LINKER/LOCATER V6.22.2.0                                                  05/13/2022  15:21:06  PAGE 58


  X:05DBH         PUBLIC        PlotModeTxt
  X:05DFH         PUBLIC        VBat
  X:05E1H         PUBLIC        ScaleHTxt
  B:0021H.7       PUBLIC        UpdateVbat
  X:05F9H         PUBLIC        TriModeTxt
  X:05FFH         PUBLIC        VMin
  X:0601H         PUBLIC        WaveLength
  B:0022H.0       PUBLIC        WaveUpdate
  X:0602H         PUBLIC        VMax
  -------         ENDMOD        GLOBAL

  -------         MODULE        ?C?FPADD
  C:0025H         PUBLIC        ?C?FPADD
  C:0021H         PUBLIC        ?C?FPSUB
  -------         ENDMOD        ?C?FPADD

  -------         MODULE        ?C?FPDIV
  C:0119H         PUBLIC        ?C?FPDIV
  -------         ENDMOD        ?C?FPDIV

  -------         MODULE        ?C?FCAST
  C:01C0H         PUBLIC        ?C?FCASTC
  C:01BBH         PUBLIC        ?C?FCASTI
  C:01B6H         PUBLIC        ?C?FCASTL
  -------         ENDMOD        ?C?FCAST

  -------         MODULE        ?C?CASTF
  C:01F4H         PUBLIC        ?C?CASTF
  -------         ENDMOD        ?C?CASTF

  -------         MODULE        ?C?CLDPTR
  C:0275H         PUBLIC        ?C?CLDPTR
  -------         ENDMOD        ?C?CLDPTR

  -------         MODULE        ?C?CLDOPTR
  C:028EH         PUBLIC        ?C?CLDOPTR
  -------         ENDMOD        ?C?CLDOPTR

  -------         MODULE        ?C?CSTPTR
  C:02BBH         PUBLIC        ?C?CSTPTR
  -------         ENDMOD        ?C?CSTPTR

  -------         MODULE        ?C?IMUL
  C:02CDH         PUBLIC        ?C?IMUL
  -------         ENDMOD        ?C?IMUL

  -------         MODULE        ?C?UIDIV
  C:02DFH         PUBLIC        ?C?UIDIV
  -------         ENDMOD        ?C?UIDIV

  -------         MODULE        ?C?IILDX
  C:0334H         PUBLIC        ?C?IILDX
  -------         ENDMOD        ?C?IILDX

  -------         MODULE        ?C?ILDIX
  C:034AH         PUBLIC        ?C?ILDIX
  -------         ENDMOD        ?C?ILDIX
BL51 BANKED LINKER/LOCATER V6.22.2.0                                                  05/13/2022  15:21:06  PAGE 59



  -------         MODULE        ?C?ILDOPTR
  C:0360H         PUBLIC        ?C?ILDOPTR
  -------         ENDMOD        ?C?ILDOPTR

  -------         MODULE        ?C?LMUL
  C:0398H         PUBLIC        ?C?LMUL
  -------         ENDMOD        ?C?LMUL

  -------         MODULE        ?C?ULDIV
  C:0423H         PUBLIC        ?C?ULDIV
  -------         ENDMOD        ?C?ULDIV

  -------         MODULE        ?C?SLDIV
  C:39B6H         PUBLIC        ?C?SLDIV
  -------         ENDMOD        ?C?SLDIV

  -------         MODULE        ?C?LNEG
  C:04B5H         PUBLIC        ?C?LNEG
  -------         ENDMOD        ?C?LNEG

  -------         MODULE        ?C?ULCMP
  C:04C3H         PUBLIC        ?C?ULCMP
  -------         ENDMOD        ?C?ULCMP

  -------         MODULE        ?C?ULSHR
  C:04D4H         PUBLIC        ?C?ULSHR
  -------         ENDMOD        ?C?ULSHR

  -------         MODULE        ?C?LSTXDATA
  C:04E7H         PUBLIC        ?C?LSTXDATA
  -------         ENDMOD        ?C?LSTXDATA

  -------         MODULE        ?C?LSTKXDATA
  C:04F3H         PUBLIC        ?C?LSTKXDATA
  -------         ENDMOD        ?C?LSTKXDATA

  -------         MODULE        ?C?LIMUL
  C:0524H         PUBLIC        ?C?LIMUL
  -------         ENDMOD        ?C?LIMUL

  -------         MODULE        ABS
  C:3DF9H         PUBLIC        _ABS
  -------         ENDMOD        ABS

  -------         MODULE        ?C?MEMSET
  C:0551H         PUBLIC        ?C?MEMSET
  -------         ENDMOD        ?C?MEMSET

Program Size: data=12.7 xdata=2586 code=15989
LINK/LOCATE RUN COMPLETE.  0 WARNING(S),  0 ERROR(S)
